[agadirjourney.com/index.php/index.html]
[backblue.gif]
[fade.gif]
[index.html]
[agadirjourney.com/cache/widgetkit/widgetkit-28548e76.css]
[agadirjourney.com/index.php/fr/index.html]
[agadirjourney.com/plugins/system/jce/css/contentcd0a.css]
[agadirjourney.com/media/system/css/modalf220.css]
[agadirjourney.com/templates/jm-tropical-hotel/css/bootstrap.css]
[agadirjourney.com/templates/jm-tropical-hotel/css/bootstrap_responsive.css]
[agadirjourney.com/templates/jm-tropical-hotel/css/template.css]
[agadirjourney.com/templates/jm-tropical-hotel/css/extensions.css]
[agadirjourney.com/templates/jm-tropical-hotel/css/animated-buttons.css]
[agadirjourney.com/templates/jm-tropical-hotel/css/style2.css]
[agadirjourney.com/templates/jm-tropical-hotel/css/template_responsive.css]
[agadirjourney.com/cache/tpl-jm-tropical-hotel/custom_css_787da1b0662ea2ad8bec91181ead815e.css]
[agadirjourney.com/components/com_pricetable/assets/css/pricetable.css]
[agadirjourney.com/modules/mod_djimageslider/assets/style.css]
[agadirjourney.com/templates/jm-tropical-hotel/css/djmenu.css]
[agadirjourney.com/media/djextensions/css/animate.min.css]
[agadirjourney.com/modules/mod_djmenu/assets/css/animations.css]
[agadirjourney.com/templates/jm-tropical-hotel/css/djmenu_fx.css]
[agadirjourney.com/media/jui/js/jquery.minf220.js]
[agadirjourney.com/media/jui/js/jquery-noconflictf220.js]
[agadirjourney.com/media/jui/js/jquery-migrate.minf220.js]
[agadirjourney.com/media/system/js/captionf220.js]
[agadirjourney.com/media/jui/js/bootstrap.minf220.js]
[agadirjourney.com/cache/widgetkit/widgetkit-7bbc7f79.js]
[agadirjourney.com/media/system/js/mootools-coref220.js]
[agadirjourney.com/media/system/js/coref220.js]
[agadirjourney.com/media/system/js/modalf220.js]
[agadirjourney.com/media/system/js/mootools-moref220.js]
[agadirjourney.com/templates/jm-tropical-hotel/js/styleswitcher.js]
[agadirjourney.com/templates/jm-tropical-hotel/js/scripts.js]
[agadirjourney.com/modules/mod_djimageslider/assets/powertools-1.2.0.js]
[agadirjourney.com/modules/mod_djimageslider/assets/slider.js]
[agadirjourney.com/modules/mod_djmenu/assets/js/jquery.djselect.js]
[agadirjourney.com/modules/mod_djmenu/assets/js/jquery.djmenu.js]
[agadirjourney.com/images/favicon.jpg]
[kit.fontawesome.com/45e38e596f.js]
[cdnjs.cloudflare.com/ajax/libs/font-awesome/4.7.0/css/font-awesome.min.css]
[agadirjourney.com/images/logo.png]
[agadirjourney.com/index.php/tours.html]
[agadirjourney.com/index.php/tours/2-days-desert.html]
[agadirjourney.com/index.php/tours/ouarzazate-tour-2days.html]
[agadirjourney.com/index.php/tours/tours-imperial-cities-2days.html]
[agadirjourney.com/index.php/agadir-journey/agadir-transfers.html]
[agadirjourney.com/index.php/agadir-journey/excursions-tours.html]
[agadirjourney.com/index.php/agadir-journey/contact-us.html]
[agadirjourney.com/index.php/agadir-journey/sitemap.html]
[agadirjourney.com/index.php/rental-appart.html]
[agadirjourney.com/index.php/agadir-transfers.html]
[agadirjourney.com/index.php/excursion.html]
[agadirjourney.com/index.php/excursion/agadir-visit.html]
[agadirjourney.com/index.php/excursion/agadir-city-tour-from-cruise-ship.html]
[agadirjourney.com/index.php/excursion/valley-paradise-agadir.html]
[agadirjourney.com/index.php/excursion/imouzer-waterfall-agadir.html]
[agadirjourney.com/index.php/excursion/taroudant-tiout-excursion.html]
[agadirjourney.com/index.php/excursion/excursion-marrakech.html]
[agadirjourney.com/index.php/excursion/legzira-excursion.html]
[agadirjourney.com/index.php/excursion/essaouira-excursion.html]
[agadirjourney.com/index.php/excursion/tafraout-excursion.html]
[agadirjourney.com/index.php/excursion/ouarzazate-excursion.html]
[agadirjourney.com/index.php/excursion/excursion-taroudant-half-day.html]
[agadirjourney.com/index.php/excursion/excursion-massa-small-desert-one-day.html]
[agadirjourney.com/index.php/other-touristic-activites.html]
[agadirjourney.com/index.php/other-touristic-activites/berber-evening-show-2.html]
[agadirjourney.com/index.php/other-touristic-activites/berber-evening-show-3.html]
[agadirjourney.com/index.php/other-touristic-activites/berber-evening-show-4.html]
[agadirjourney.com/index.php/other-touristic-activites/berber-evening-show-5.html]
[agadirjourney.com/index.php/other-touristic-activites/our-vehicles-agadirjourney.html]
[agadirjourney.com/index.php/other-touristic-activites/sandboarding.html]
[agadirjourney.com/index.php/other-touristic-activites/camel-with-barbecue.html]
[agadirjourney.com/index.php/other-touristic-activites/tarazout-surfing-adventure.html]
[agadirjourney.com/index.php/other-touristic-activites/crocodile-park.html]
[agadirjourney.com/index.php/other-touristic-activites/ride-hors-camel-agadir.html]
[agadirjourney.com/index.php/other-touristic-activites/excursion-buggy-quad-agadir.html]
[agadirjourney.com/index.php/other-touristic-activites/berber-evening-show.html]
[agadirjourney.com/index.php/other-touristic-activites/agadir-massage-hammam.html]
[agadirjourney.com/index.php/other-touristic-activites/horse-riding.html]
[agadirjourney.com/index.php/other-touristic-activites/agadir-jetski.html]
[agadirjourney.com/index.php/other-touristic-activites/agadir-boat-trip.html]
[agadirjourney.com/index.php/other-touristic-activites/national-park-souss-massa.html]
[agadirjourney.com/images/pics/Slide-show/agadir1.jpg]
[agadirjourney.com/images/pics/Slide-show/taroudant1.jpg]
[agadirjourney.com/images/pics/Slide-show/essaouira1.jpg]
[agadirjourney.com/images/pics/Slide-show/legzira1.jpg]
[agadirjourney.com/images/pics/Slide-show/paradise1.jpg]
[www.airport-business.com/wp-content/uploads/2014/11/Beijing-Daxing-Airport-design.jpg]
[agadirjourney.com/media/mod_languages/images/fr_fr.gif]
[agadirjourney.com/media/mod_languages/images/en.gif]
[agadirjourney.com/images/10/AGA.jpg]
[agadirjourney.com/images/10/PAR.jpg]
[agadirjourney.com/images/10/MAR.jpg]
[agadirjourney.com/images/10/LEG.jpg]
[agadirjourney.com/images/10/TARDNT.jpg]
[agadirjourney.com/images/10/ESS.jpg]
[agadirjourney.com/images/10/IMM.jpg]
[agadirjourney.com/images/10/OURZAZAT.jpg]
[agadirjourney.com/images/10/TIZN.jpg]
[agadirjourney.com/images/10/jj.jpg]
[agadirjourney.com/images/pics/2-days-legzira/154.jpg]
[agadirjourney.com/images/10/ZAG.jpg]
[agadirjourney.com/images/10/IMP.jpg]
[agadirjourney.com/index.php/component/tags/tag/agadir-transfer.html]
[agadirjourney.com/index.php/component/tags/tag/agadir-airport-transfer.html]
[agadirjourney.com/index.php/component/tags/tag/agadir-airport-taxi.html]
[agadirjourney.com/index.php/component/tags/tag/agadir-airport-to-agadir.html]
[agadirjourney.com/index.php/component/tags/tag/airport-transfer-agadir.html]
[agadirjourney.com/images/10/AR.jpg]
[agadirjourney.com/images/10/QUAD.jpg]
[agadirjourney.com/images/10/sand.jpg]
[agadirjourney.com/index.php/other-touristic-activites/sandboarding9ed2.html]
[agadirjourney.com/images/10/MASS.jpg]
[agadirjourney.com/index.php/other-touristic-activites/agadir-massage-hammamb3a3.html]
[agadirjourney.com/images/10/BER.jpg]
[agadirjourney.com/images/10/CAM-OOO.jpg]
[agadirjourney.com/images/pics/header-product/go-discover1.jpg]
[agadirjourney.com/images/pics/header-product/go-relaxe1.jpg]
[agadirjourney.com/images/pics/header-product/go-active1.jpg]
[agadirjourney.com/images/pics/header-product/go-out1.jpg]
[agadirjourney.com/images/BUS.jpg]
[agadirjourney.com/images/10/barb.jpg]
[agadirjourney.com/index.php/other-touristic-activites/camel-with-barbecue9ed2.html]
[agadirjourney.com/images/10/jetski2.jpg]
[agadirjourney.com/index.php/other-touristic-activites/agadir-jetski9ed2.html]
[agadirjourney.com/images/10/boat2.jpg]
[agadirjourney.com/index.php/other-touristic-activites/agadir-boat-trip9ed2.html]
[agadirjourney.com/images/10/massa2.jpg]
[agadirjourney.com/index.php/other-touristic-activites/national-park-souss-massa9ed2.html]
[agadirjourney.com/images/10/HORSE-.jpg]
[agadirjourney.com/index.php/other-touristic-activites/horse-riding9ed2.html]
[agadirjourney.com/images/WhatsApp-alma-techonolopng.png]
[agadirjourney.com/images/10/bur.jpg]
[etn.travel/wp-content/uploads/2019/07/review-us-please-1.jpg]
[agadirjourney.com/index.php/excursion/agadir-visit9ed2.html]
[agadirjourney.com/index.php/excursion/excursion-marrakech9ed2.html]
[agadirjourney.com/index.php/excursion/essaouira-excursion9ed2.html]
[agadirjourney.com/index.php/excursion/valley-paradise-agadir9ed2.html]
[agadirjourney.com/index.php/excursion/taroudant-tiout-excursion9ed2.html]
[agadirjourney.com/index.php/excursion/legzira-excursion9ed2.html]
[agadirjourney.com/index.php/excursion/excursion-massa-small-desert-one-day9ed2.html]
[agadirjourney.com/index.php/excursion/tafraout-excursion9ed2.html]
[agadirjourney.com/index.php/other-touristic-activites/excursion-buggy-quad-agadir9ed2.html]
[agadirjourney.com/index.php/other-touristic-activites/ride-hors-camel-agadir9ed2.html]
[agadirjourney.com/index.php/other-touristic-activites/agadir-massage-hammam9ed2.html]
[upload.wikimedia.org/wikipedia/commons/thumb/b/b5/PayPal.svg/2000px-PayPal.svg.png]
[i2.wp.com/www.millereponses.com/wp-content/uploads/2018/03/western-union-maroc8b18.jpg]
[www.neklawy.com.eg/images/payments-method/cash.png]
[strokelifers.com/wp-content/uploads/2022/03/payment-methods-1.png]
[agadirjourney.com/index.php/about-us.html]
[agadirjourney.com/index.php/terms-and-conditions.html]
[agadirjourney.com/index.php/privacy-policy.html]
[agadirjourney.com/index.php/disclaimer.html]
[agadirjourney.com/index.php/gdpr-privacy-policy.html]
[agadirjourney.com/index.php/excursion/valley-paradise-agadirbc58]
[agadirjourney.com/images/Social/youtube.png]
[agadirjourney.com/images/Social/linkedin.png]
[agadirjourney.com/images/Social/twitter.png]
[agadirjourney.com/images/Social/facebook.png]
[agadirjourney.com/images/Social/instagram.png]
[agadirjourney.com/index.php/index.html]
[agadirjourney.com/index.php/fr/index7b17.html]
[agadirjourney.com/index.php/fr/indexc0d0.html]
[agadirjourney.com/cache/widgetkit/widgetkit-4945635c.js]
[agadirjourney.com/index.php/fr/excursions-maroc.html]
[agadirjourney.com/index.php/fr/excursions-maroc/vallee-paradis-agadir.html]
[agadirjourney.com/index.php/fr/excursions-maroc/cascade-imouzer-agadir.html]
[agadirjourney.com/index.php/fr/excursions-maroc/taroudant-tiout-excursion.html]
[agadirjourney.com/index.php/fr/excursions-maroc/excursion-marrakech.html]
[agadirjourney.com/index.php/fr/excursions-maroc/excursion-legzira.html]
[agadirjourney.com/index.php/fr/excursions-maroc/excursion-essaouira.html]
[agadirjourney.com/index.php/fr/excursions-maroc/excursion-tafraoute.html]
[agadirjourney.com/index.php/fr/excursions-maroc/ouarzazate-excursion.html]
[agadirjourney.com/index.php/fr/excursions-maroc/excursion-taroudant-demi-journee.html]
[agadirjourney.com/index.php/fr/excursions-maroc/agadir-visit-1-2-journee.html]
[agadirjourney.com/index.php/fr/excursions-maroc/excursion-massa-petit-desert-jour.html]
[agadirjourney.com/index.php/fr/tours-2.html]
[agadirjourney.com/index.php/fr/tours-2/2-jours-desert.html]
[agadirjourney.com/index.php/fr/tours-2/ville-imperiales-2j.html]
[agadirjourney.com/index.php/fr/tours-2/circuit-ouarzazate-2jours.html]
[agadirjourney.com/index.php/fr/agadir-transfert.html]
[agadirjourney.com/index.php/fr/autres-activites.html]
[agadirjourney.com/index.php/fr/autres-activites/pack1-go-discover.html]
[agadirjourney.com/index.php/fr/autres-activites/pack2-go-active.html]
[agadirjourney.com/index.php/fr/autres-activites/pack2-go-relaxe.html]
[agadirjourney.com/index.php/fr/autres-activites/pack4-go-out.html]
[agadirjourney.com/index.php/fr/autres-activites/blade-quad-et-buggy.html]
[agadirjourney.com/index.php/fr/autres-activites/balade-dromadaire-cheval-agadir.html]
[agadirjourney.com/index.php/fr/autres-activites/massage-spa-agadir.html]
[agadirjourney.com/index.php/fr/autres-activites/nos-vehicles-agadir.html]
[agadirjourney.com/index.php/fr/autres-activites/soiree-berbere.html]
[agadirjourney.com/index.php/fr/agadir-journey/agadir-transfert.html]
[agadirjourney.com/index.php/fr/agadir-journey/excursion-circuits.html]
[agadirjourney.com/index.php/fr/agadir-journey/contactez-nous.html]
[agadirjourney.com/images/pics/Slide-show/valley-paradise.jpg]
[agadirjourney.com/images/pics/Slide-show/transfer1.jpg]
[agadirjourney.com/images/10/CAM.jpg]
[agadirjourney.com/images/pics/header-product/vihecules.jpg]
[agadirjourney.com/index.php/fr/component/tags/tag/excursion-agadir.html]
[agadirjourney.com/images/pics/slide-bar/port-essaouira-1439571432-1660670.jpg]
[agadirjourney.com/images/pics/slide-bar/11088194043_8c653a88e8_b.jpg]
[agadirjourney.com/images/pics/slide-bar/tumblr_mf2vm2B3RC1rju5tfo1_1280.jpg]
[agadirjourney.com/images/pics/slide-bar/port-d-agadir-1257394694-1646244.jpg]
[agadirjourney.com/images/pics/slide-bar/oasis-en-automne-1901591735-1647058.jpg]
[agadirjourney.com/images/modules/slider/down.png]
[agadirjourney.com/images/modules/slider/up.png]
[agadirjourney.com/images/modules/slider/play.png]
[agadirjourney.com/images/modules/slider/pause.png]
[agadirjourney.com/index.php/fr/excursion/agadir-visit]
[agadirjourney.com/index.php/fr/excursion/excursion-marrakech]
[agadirjourney.com/index.php/fr/excursion/essaouira-excursion]
[agadirjourney.com/index.php/fr/excursion/valley-paradise-agadirbc58]
[agadirjourney.com/index.php/fr/index.html]
[agadirjourney.com/media/widgetkit/widgets/gallery/styles/bigeasy/images/buttons.png]
[agadirjourney.com/media/widgetkit/widgets/gallery/styles/bigeasy/images/navigation_buttons.png]
[agadirjourney.com/media/widgetkit/widgets/gallery/styles/bigeasy/images/hover.png]
[agadirjourney.com/media/widgetkit/widgets/gallery/styles/inside/images/buttons.png]
[agadirjourney.com/media/widgetkit/widgets/gallery/styles/inspire/images/nav.png]
[agadirjourney.com/media/widgetkit/widgets/gallery/styles/inspire/images/buttons.png]
[agadirjourney.com/media/widgetkit/widgets/gallery/styles/inspire/images/magnifier.png]
[agadirjourney.com/media/widgetkit/widgets/gallery/styles/radiance/images/shadow.png]
[agadirjourney.com/media/widgetkit/widgets/gallery/styles/radiance/images/nav.png]
[agadirjourney.com/media/widgetkit/widgets/gallery/styles/radiance/images/buttons.png]
[agadirjourney.com/media/widgetkit/widgets/gallery/styles/revista_default/images/nav_overlay.png]
[agadirjourney.com/media/widgetkit/widgets/gallery/styles/revista_default/images/buttons.png]
[agadirjourney.com/media/widgetkit/widgets/gallery/styles/showcase/images/buttons.png]
[agadirjourney.com/media/widgetkit/widgets/gallery/styles/showcase/images/navigation_buttons.png]
[agadirjourney.com/media/widgetkit/widgets/gallery/styles/showcase_box/images/buttons.png]
[agadirjourney.com/media/widgetkit/widgets/gallery/styles/showcase_box/images/navigation_buttons.png]
[agadirjourney.com/media/widgetkit/widgets/gallery/styles/tasty/images/magnifier.png]
[agadirjourney.com/media/widgetkit/widgets/gallery/styles/tasty/images/buttons.png]
[agadirjourney.com/media/widgetkit/widgets/mediaplayer/mediaelement/bigplay.png]
[agadirjourney.com/media/widgetkit/widgets/mediaplayer/mediaelement/background.png]
[agadirjourney.com/media/widgetkit/widgets/mediaplayer/mediaelement/loading.gif]
[agadirjourney.com/media/widgetkit/widgets/mediaplayer/mediaelement/controls.png]
[agadirjourney.com/media/widgetkit/widgets/slideset/styles/default/images/nav.png]
[agadirjourney.com/media/widgetkit/widgets/slideset/styles/default/images/buttons.png]
[agadirjourney.com/media/widgetkit/widgets/slideshow/styles/balance_default/images/nav.png]
[agadirjourney.com/media/widgetkit/widgets/slideshow/styles/balance_default/images/buttons.png]
[agadirjourney.com/media/widgetkit/widgets/slideshow/styles/balance_tabs_bar/images/bg.png]
[agadirjourney.com/media/widgetkit/widgets/slideshow/styles/balance_tabs_bar/images/li.png]
[agadirjourney.com/media/widgetkit/widgets/slideshow/styles/balance_tabs_bar/images/tab.png]
[agadirjourney.com/media/widgetkit/widgets/slideshow/styles/balance_tabs_bar/images/tab_hover.png]
[agadirjourney.com/media/widgetkit/widgets/slideshow/styles/balance_tabs_bar/images/tab_active.png]
[agadirjourney.com/media/widgetkit/widgets/slideshow/styles/balance_tabs_bar/images/tab_current.png]
[agadirjourney.com/media/widgetkit/widgets/slideshow/styles/cloud_list/images/nav.png]
[agadirjourney.com/media/widgetkit/widgets/slideshow/styles/cloud_showcase_box/images/buttons.png]
[agadirjourney.com/media/widgetkit/widgets/slideshow/styles/cloud_showcase_box/images/slideset.png]
[agadirjourney.com/media/widgetkit/widgets/slideshow/styles/cloud_showcase_box/images/slideset_set.png]
[agadirjourney.com/media/widgetkit/widgets/slideshow/styles/cloud_showcase_box/images/slideset_set_hover.png]
[agadirjourney.com/media/widgetkit/widgets/slideshow/styles/cloud_showcase_box/images/slideset_set_active.png]
[agadirjourney.com/media/widgetkit/widgets/slideshow/styles/cloud_showcase_box/images/navigation_buttons.png]
[agadirjourney.com/media/widgetkit/widgets/slideshow/styles/cloud_tabs/images/nav.png]
[agadirjourney.com/media/widgetkit/widgets/slideshow/styles/cloud_tabs_bar/images/nav.png]
[agadirjourney.com/media/widgetkit/widgets/slideshow/styles/default/images/nav.png]
[agadirjourney.com/media/widgetkit/widgets/slideshow/styles/default/images/buttons.png]
[agadirjourney.com/media/widgetkit/widgets/slideshow/styles/downtown/images/nav.png]
[agadirjourney.com/media/widgetkit/widgets/slideshow/styles/downtown/images/buttons.png]
[agadirjourney.com/media/widgetkit/widgets/slideshow/styles/drive_tabs/images/slideshow_bg.png]
[agadirjourney.com/media/widgetkit/widgets/slideshow/styles/drive_tabs/images/tab_item.png]
[agadirjourney.com/media/widgetkit/widgets/slideshow/styles/drive_tabs/images/color_line.png]
[agadirjourney.com/media/widgetkit/widgets/slideshow/styles/drive_tabs/images/slides_container.png]
[agadirjourney.com/media/widgetkit/widgets/slideshow/styles/glass/images/nav.png]
[agadirjourney.com/media/widgetkit/widgets/slideshow/styles/glass/images/buttons.png]
[agadirjourney.com/media/widgetkit/widgets/slideshow/styles/infinite/images/nav.png]
[agadirjourney.com/media/widgetkit/widgets/slideshow/styles/infinite/images/buttons.png]
[agadirjourney.com/media/widgetkit/widgets/slideshow/styles/infinite/images/raster_bg.png]
[agadirjourney.com/media/widgetkit/widgets/slideshow/styles/inspire/images/nav.png]
[agadirjourney.com/media/widgetkit/widgets/slideshow/styles/micasa/images/nav.png]
[agadirjourney.com/media/widgetkit/widgets/slideshow/styles/micasa/images/buttons.png]
[agadirjourney.com/media/widgetkit/widgets/slideshow/styles/quantum/images/nav.png]
[agadirjourney.com/media/widgetkit/widgets/slideshow/styles/quantum/images/buttons.png]
[agadirjourney.com/media/widgetkit/widgets/slideshow/styles/revista_articles/images/nav.png]
[agadirjourney.com/media/widgetkit/widgets/slideshow/styles/revista_articles/images/buttons.png]
[agadirjourney.com/media/widgetkit/widgets/slideshow/styles/screen/images/shadow.png]
[agadirjourney.com/media/widgetkit/widgets/slideshow/styles/screen/images/nav.png]
[agadirjourney.com/media/widgetkit/widgets/slideshow/styles/screen/images/buttons.png]
[agadirjourney.com/media/widgetkit/widgets/slideshow/styles/showcase_box/images/buttons.png]
[agadirjourney.com/media/widgetkit/widgets/slideshow/styles/showcase_box/images/navigation_buttons.png]
[agadirjourney.com/media/widgetkit/widgets/slideshow/styles/showcase_buttons/images/buttons.png]
[agadirjourney.com/media/widgetkit/widgets/slideshow/styles/showcase_buttons/images/navigation_buttons.png]
[agadirjourney.com/media/widgetkit/widgets/slideshow/styles/showroom/images/nav_li_before.png]
[agadirjourney.com/media/widgetkit/widgets/slideshow/styles/showroom/images/nav.png]
[agadirjourney.com/media/widgetkit/widgets/slideshow/styles/showroom/images/nav_hover.png]
[agadirjourney.com/media/widgetkit/widgets/slideshow/styles/showroom/images/nav_active.png]
[agadirjourney.com/media/widgetkit/widgets/slideshow/styles/showroom/images/button_right.png]
[agadirjourney.com/media/widgetkit/widgets/slideshow/styles/showroom/images/button_left.png]
[agadirjourney.com/media/widgetkit/widgets/slideshow/styles/solar/images/nav.png]
[agadirjourney.com/media/widgetkit/widgets/slideshow/styles/solar/images/buttons.png]
[agadirjourney.com/media/widgetkit/widgets/slideshow/styles/square/images/nav.png]
[agadirjourney.com/media/widgetkit/widgets/slideshow/styles/square/images/button_next.png]
[agadirjourney.com/media/widgetkit/widgets/slideshow/styles/square/images/button_prev.png]
[agadirjourney.com/media/widgetkit/widgets/slideshow/styles/streamline/images/nav.png]
[agadirjourney.com/media/widgetkit/widgets/slideshow/styles/streamline/images/buttons.png]
[agadirjourney.com/media/widgetkit/widgets/slideshow/styles/subway/images/nav.png]
[agadirjourney.com/media/widgetkit/widgets/slideshow/styles/subway/images/buttons.png]
[agadirjourney.com/media/widgetkit/widgets/slideshow/styles/subway_list/images/bg.png]
[agadirjourney.com/media/widgetkit/widgets/slideshow/styles/sync/images/nav.png]
[agadirjourney.com/media/widgetkit/widgets/slideshow/styles/sync/images/buttons.png]
[agadirjourney.com/media/widgetkit/widgets/slideshow/styles/tasty/images/nav.png]
[agadirjourney.com/media/widgetkit/widgets/slideshow/styles/tasty/images/buttons.png]
[agadirjourney.com/media/widgetkit/widgets/slideshow/styles/venture_tabs/images/slides.png]
[agadirjourney.com/media/widgetkit/widgets/spotlight/images/magnifier.png]
[agadirjourney.com/media/widgetkit/widgets/twitter/styles/single/images/bird.png]
[agadirjourney.com/media/widgetkit/widgets/twitter/styles/bubbles/images/arrow.png]
[agadirjourney.com/cache/widgetkit/widgetkit-28548e76.css]
[agadirjourney.com/plugins/system/jce/css/contentcd0a.css]
[agadirjourney.com/media/system/images/modal/closebox.png]
[agadirjourney.com/media/system/images/modal/spinner.gif]
[agadirjourney.com/media/system/images/modal/bg_n.png]
[agadirjourney.com/media/system/images/modal/bg_ne.png]
[agadirjourney.com/media/system/images/modal/bg_e.png]
[agadirjourney.com/media/system/images/modal/bg_se.png]
[agadirjourney.com/media/system/images/modal/bg_s.png]
[agadirjourney.com/media/system/images/modal/bg_sw.png]
[agadirjourney.com/media/system/images/modal/bg_w.png]
[agadirjourney.com/media/system/images/modal/bg_nw.png]
[agadirjourney.com/media/system/css/modalf220.css]
[agadirjourney.com/templates/jm-tropical-hotel/images/glyphicons-halflings.png]
[agadirjourney.com/templates/jm-tropical-hotel/images/glyphicons-halflings-white.png]
[agadirjourney.com/templates/jm-tropical-hotel/css/bootstrap.css]
[agadirjourney.com/templates/jm-tropical-hotel/css/bootstrap_responsive.css]
[agadirjourney.com/templates/jm-tropical-hotel/images/bg_pattern.jpg]
[agadirjourney.com/templates/jm-tropical-hotel/images/backtotop.png]
[agadirjourney.com/templates/jm-tropical-hotel/images/header_shadow_left.png]
[agadirjourney.com/templates/jm-tropical-hotel/images/header_shadow_right.png]
[agadirjourney.com/templates/jm-tropical-hotel/images/header_shadow_in.png]
[agadirjourney.com/templates/jm-tropical-hotel/images/badge-plane-grey.png]
[agadirjourney.com/templates/jm-tropical-hotel/images/badge-drink-grey.png]
[agadirjourney.com/templates/jm-tropical-hotel/images/badge-food-grey.png]
[agadirjourney.com/templates/jm-tropical-hotel/images/badge-ship-grey.png]
[agadirjourney.com/templates/jm-tropical-hotel/images/badge-taxi-grey.png]
[agadirjourney.com/templates/jm-tropical-hotel/images/badge-luggage-grey.png]
[agadirjourney.com/templates/jm-tropical-hotel/images/badge-sun-grey.png]
[agadirjourney.com/templates/jm-tropical-hotel/images/badge-barber-grey.png]
[agadirjourney.com/templates/jm-tropical-hotel/images/badge-surf-grey.png]
[agadirjourney.com/templates/jm-tropical-hotel/images/badge-contact-grey.png]
[agadirjourney.com/templates/jm-tropical-hotel/images/badge-plane.png]
[agadirjourney.com/templates/jm-tropical-hotel/images/badge-drink.png]
[agadirjourney.com/templates/jm-tropical-hotel/images/badge-food.png]
[agadirjourney.com/templates/jm-tropical-hotel/images/badge-ship.png]
[agadirjourney.com/templates/jm-tropical-hotel/images/badge-taxi.png]
[agadirjourney.com/templates/jm-tropical-hotel/images/badge-luggage.png]
[agadirjourney.com/templates/jm-tropical-hotel/images/badge-sun.png]
[agadirjourney.com/templates/jm-tropical-hotel/images/badge-barber.png]
[agadirjourney.com/templates/jm-tropical-hotel/images/badge-surf.png]
[agadirjourney.com/templates/jm-tropical-hotel/images/badge-contact.png]
[agadirjourney.com/templates/jm-tropical-hotel/images/facebook.png]
[agadirjourney.com/templates/jm-tropical-hotel/images/twitter.png]
[agadirjourney.com/templates/jm-tropical-hotel/images/youtube.png]
[agadirjourney.com/templates/jm-tropical-hotel/images/rss.png]
[agadirjourney.com/templates/jm-tropical-hotel/images/quote-left.png]
[agadirjourney.com/templates/jm-tropical-hotel/images/quote-right.png]
[agadirjourney.com/templates/jm-tropical-hotel/images/icons_dark/badge.png]
[agadirjourney.com/templates/jm-tropical-hotel/images/icons_dark/calendar.png]
[agadirjourney.com/templates/jm-tropical-hotel/images/icons_dark/chat.png]
[agadirjourney.com/templates/jm-tropical-hotel/images/icons_dark/check.png]
[agadirjourney.com/templates/jm-tropical-hotel/images/icons_dark/cloud.png]
[agadirjourney.com/templates/jm-tropical-hotel/images/icons_dark/direction.png]
[agadirjourney.com/templates/jm-tropical-hotel/images/icons_dark/divide.png]
[agadirjourney.com/templates/jm-tropical-hotel/images/icons_dark/error.png]
[agadirjourney.com/templates/jm-tropical-hotel/images/icons_dark/fire.png]
[agadirjourney.com/templates/jm-tropical-hotel/images/icons_dark/flag.png]
[agadirjourney.com/templates/jm-tropical-hotel/images/icons_dark/heart.png]
[agadirjourney.com/templates/jm-tropical-hotel/images/icons_dark/home.png]
[agadirjourney.com/templates/jm-tropical-hotel/images/icons_dark/info.png]
[agadirjourney.com/templates/jm-tropical-hotel/images/icons_dark/list.png]
[agadirjourney.com/templates/jm-tropical-hotel/images/icons_dark/mail.png]
[agadirjourney.com/templates/jm-tropical-hotel/images/icons_dark/people.png]
[agadirjourney.com/templates/jm-tropical-hotel/images/icons_dark/star.png]
[agadirjourney.com/templates/jm-tropical-hotel/images/icons_dark/stat.png]
[agadirjourney.com/templates/jm-tropical-hotel/images/li.png]
[agadirjourney.com/templates/jm-tropical-hotel/images/li_white.png]
[agadirjourney.com/templates/jm-tropical-hotel/images/linked.png]
[agadirjourney.com/templates/jm-tropical-hotel/images/linked_hover.png]
[agadirjourney.com/templates/jm-tropical-hotel/images/special.png]
[agadirjourney.com/templates/jm-tropical-hotel/css/template.css]
[agadirjourney.com/templates/jm-tropical-hotel/css/extensions.css]
[agadirjourney.com/templates/jm-tropical-hotel/images/check.png]
[agadirjourney.com/templates/jm-tropical-hotel/images/loupe.png]
[agadirjourney.com/templates/jm-tropical-hotel/images/star.png]
[agadirjourney.com/templates/jm-tropical-hotel/images/arrow_down.png]
[agadirjourney.com/templates/jm-tropical-hotel/images/star_big.png]
[agadirjourney.com/templates/jm-tropical-hotel/css/animated-buttons.css]
[agadirjourney.com/templates/jm-tropical-hotel/images/style2/linked.png]
[agadirjourney.com/templates/jm-tropical-hotel/images/style2/linked_hover.png]
[agadirjourney.com/templates/jm-tropical-hotel/css/style2.css]
[agadirjourney.com/templates/jm-tropical-hotel/css/template_responsive.css]
[agadirjourney.com/templates/jm-tropical-hotel/css/custom.css]
[agadirjourney.com/templates/jm-tropical-hotel/images/bg_palms.png]
[agadirjourney.com/cache/tpl-jm-tropical-hotel/custom_css_787da1b0662ea2ad8bec91181ead815e.css]
[agadirjourney.com/media/mod_languages/css/templatef220.css]
[agadirjourney.com/components/com_pricetable/assets/css/pricetable.css]
[agadirjourney.com/modules/mod_djimageslider/assets/loader.gif]
[agadirjourney.com/modules/mod_djimageslider/assets/style.css]
[agadirjourney.com/templates/jm-tropical-hotel/images/djmenu_more.png]
[agadirjourney.com/templates/jm-tropical-hotel/css/djmenu.css]
[agadirjourney.com/media/djextensions/css/animate.min.css]
[agadirjourney.com/modules/mod_djmenu/assets/css/animations.css]
[agadirjourney.com/templates/jm-tropical-hotel/css/djmenu_fx.css]
[cdnjs.cloudflare.com/ajax/libs/font-awesome/4.7.0/css/font-awesome.min.css]
[agadirjourney.com/index.php/toursc0d0]
[agadirjourney.com/index.php/tours.html]
[agadirjourney.com/index.php/tours7b17]
[agadirjourney.com/index.php/agadir-journey/excursions-tours3b1e.html]
[agadirjourney.com/cache/widgetkit/gallery/38/154-be2d396432.jpg]
[agadirjourney.com/images/pics/2-days-legzira/IMG-20181203-WA0001.jpg]
[agadirjourney.com/cache/widgetkit/gallery/38/IMG-20181203-WA0001-a927f37b3d.jpg]
[agadirjourney.com/images/pics/2-days-legzira/IMG-20181203-WA0008.jpg]
[agadirjourney.com/cache/widgetkit/gallery/38/IMG-20181203-WA0008-654b9182ba.jpg]
[agadirjourney.com/images/pics/2-days-legzira/IMG-20181203-WA0011.jpg]
[agadirjourney.com/cache/widgetkit/gallery/38/IMG-20181203-WA0011-a3b88b5f6c.jpg]
[agadirjourney.com/images/pics/2-days-legzira/IMG-20181203-WA0016.jpg]
[agadirjourney.com/cache/widgetkit/gallery/38/IMG-20181203-WA0016-dd616c893b.jpg]
[agadirjourney.com/images/pics/2-days-legzira/IMG-20181203-WA0024.jpg]
[agadirjourney.com/cache/widgetkit/gallery/38/IMG-20181203-WA0024-59b8851044.jpg]
[agadirjourney.com/images/pics/2-days-legzira/IMG-20181207-WA0001.jpg]
[agadirjourney.com/cache/widgetkit/gallery/38/IMG-20181207-WA0001-e0314f1471.jpg]
[agadirjourney.com/images/pics/2-days-legzira/IMG-20181207-WA0004.jpg]
[agadirjourney.com/cache/widgetkit/gallery/38/IMG-20181207-WA0004-b5e8b6a22a.jpg]
[agadirjourney.com/images/pics/2-days-legzira/IMG-20181207-WA0005.jpg]
[agadirjourney.com/cache/widgetkit/gallery/38/IMG-20181207-WA0005-73df3ed173.jpg]
[agadirjourney.com/index.php/tours/2-days-desert.html]
[agadirjourney.com/images/pics/circuit-ouarzazate/agadirjourney-desrt1.jpg]
[agadirjourney.com/cache/widgetkit/gallery/28/agadirjourney-desrt1-a02cffdf91.jpg]
[agadirjourney.com/images/pics/circuit-ouarzazate/agadirjourney-desrt11.jpg]
[agadirjourney.com/cache/widgetkit/gallery/28/agadirjourney-desrt11-3dfcea810d.jpg]
[agadirjourney.com/images/pics/circuit-ouarzazate/agadirjourney-desrt12.jpg]
[agadirjourney.com/cache/widgetkit/gallery/28/agadirjourney-desrt12-305091d9ac.jpg]
[agadirjourney.com/images/pics/circuit-ouarzazate/agadirjourney-desrt2.jpg]
[agadirjourney.com/cache/widgetkit/gallery/28/agadirjourney-desrt2-fce1372459.jpg]
[agadirjourney.com/images/pics/circuit-ouarzazate/agadirjourney-desrt3.jpg]
[agadirjourney.com/cache/widgetkit/gallery/28/agadirjourney-desrt3-4dd8a733b5.jpg]
[agadirjourney.com/images/pics/circuit-ouarzazate/agadirjourney-desrt4.jpg]
[agadirjourney.com/cache/widgetkit/gallery/28/agadirjourney-desrt4-9024456194.jpg]
[agadirjourney.com/images/pics/circuit-ouarzazate/agadirjourney-desrt6.jpg]
[agadirjourney.com/cache/widgetkit/gallery/28/agadirjourney-desrt6-9cc439e2bc.jpg]
[agadirjourney.com/images/pics/circuit-ouarzazate/agadirjourney-desrt8.jpg]
[agadirjourney.com/cache/widgetkit/gallery/28/agadirjourney-desrt8-2eccaa81c9.jpg]
[agadirjourney.com/images/pics/circuit-ouarzazate/agadirjourney-desrt9.jpg]
[agadirjourney.com/cache/widgetkit/gallery/28/agadirjourney-desrt9-a58ee14d16.jpg]
[agadirjourney.com/index.php/tours/ouarzazate-tour-2days.html]
[agadirjourney.com/images/pics/circuit-imperial/Essaouira-agadirjourney-1.jpg]
[agadirjourney.com/cache/widgetkit/gallery/26/Essaouira-agadirjourney-1-95d543bc82.jpg]
[agadirjourney.com/images/pics/circuit-imperial/Essaouira-agadirjourney-6.jpg]
[agadirjourney.com/cache/widgetkit/gallery/26/Essaouira-agadirjourney-6-f61a3baceb.jpg]
[agadirjourney.com/images/pics/circuit-imperial/Essaouira-souks-.jpg]
[agadirjourney.com/cache/widgetkit/gallery/26/Essaouira-souks--71060a14da.jpg]
[agadirjourney.com/images/pics/circuit-imperial/Essaouira_port_remparts.jpg]
[agadirjourney.com/cache/widgetkit/gallery/26/Essaouira_port_remparts-0945aacf40.jpg]
[agadirjourney.com/images/pics/circuit-imperial/Marrakech-Journey-3.jpg]
[agadirjourney.com/cache/widgetkit/gallery/26/Marrakech-Journey-3-5b556b997f.jpg]
[agadirjourney.com/images/pics/circuit-imperial/Marrakech-Journey-4.jpg]
[agadirjourney.com/cache/widgetkit/gallery/26/Marrakech-Journey-4-2db5fd2147.jpg]
[agadirjourney.com/images/pics/circuit-imperial/agadirjourney.jpg]
[agadirjourney.com/cache/widgetkit/gallery/26/agadirjourney-9d283901d6.jpg]
[agadirjourney.com/images/pics/circuit-imperial/agadirjourney1.jpg]
[agadirjourney.com/cache/widgetkit/gallery/26/agadirjourney1-8578707dfe.jpg]
[agadirjourney.com/images/pics/circuit-imperial/agadirjourney2.jpg]
[agadirjourney.com/cache/widgetkit/gallery/26/agadirjourney2-917e550161.jpg]
[agadirjourney.com/index.php/tours/tours-imperial-cities-2days.html]
[agadirjourney.com/libraries/cegcore/assets/bootstrap/css/bootstrap.css]
[agadirjourney.com/libraries/cegcore/assets/bootstrap/css/bootstrap-theme.css]
[agadirjourney.com/libraries/cegcore/assets/bootstrap/css/bootstrap-gcore.css]
[agadirjourney.com/libraries/cegcore/assets/font_awesome/css/font-awesome.css]
[agadirjourney.com/libraries/cegcore/assets/gplugins/gtooltip/gtooltip.css]
[agadirjourney.com/libraries/cegcore/assets/gplugins/gdatetimepicker/gdatetimepicker.css]
[agadirjourney.com/libraries/cegcore/assets/gplugins/gdropdown/gdropdown.css]
[agadirjourney.com/libraries/cegcore/assets/jquery/jquery.js]
[agadirjourney.com/libraries/cegcore/assets/gplugins/gtooltip/gtooltip.js]
[agadirjourney.com/libraries/cegcore/assets/gplugins/gvalidation/gvalidation.js]
[agadirjourney.com/libraries/cegcore/assets/gplugins/gvalidation/lang/en.js]
[agadirjourney.com/libraries/cegcore/assets/jquery/jquery.inputmask.js]
[agadirjourney.com/libraries/cegcore/assets/gplugins/gdatetimepicker/gdatetimepicker.js]
[agadirjourney.com/libraries/cegcore/assets/gplugins/gtabs/gtabs.js]
[agadirjourney.com/libraries/cegcore/assets/gplugins/gsliders/gsliders.js]
[agadirjourney.com/libraries/cegcore/assets/gplugins/gmodal/gmodal.js]
[agadirjourney.com/index.php/agadir-journey/agadir-transfers.html]
[agadirjourney.com/index.php/agadir-journey/excursions-tours.html]
[agadirjourney.com/index.php/agadir-journey/contact-us.html]
[agadirjourney.com/libraries/cegcore/assets/gplugins/gdropdown/gdropdown.js]
[agadirjourney.com/cache/tpl-jm-tropical-hotel/custom_css_4b009cc5a22262fcd2b75c86ef53e6db.css]
[agadirjourney.com/index.php/fr/agadir-journey/sitemap]
[agadirjourney.com/index.php/other-touristic-activites/agadir-massage-hammamc1cc.html]
[agadirjourney.com/index.php/excursion/agadir-city-tour-from-cruise-ship9ed2.html]
[agadirjourney.com/index.php/tours-2e68f.html]
[agadirjourney.com/index.php/other-touristic-activites9ed2.html]
[agadirjourney.com/index.php/tours9ed2.html]
[agadirjourney.com/index.php/agadir-transfers9ed2.html]
[agadirjourney.com/index.php/agadir-transferte68f.html]
[agadirjourney.com/index.php/excursions-maroc/agadir-visit-1-2-journeee68f.html]
[agadirjourney.com/index.php/autres-activitese68f.html]
[agadirjourney.com/index.php/autres-activites/balade-dromadaire-cheval-agadire68f.html]
[agadirjourney.com/index.php/other-touristic-activites/berber-evening-show9ed2.html]
[agadirjourney.com/index.php/autres-activites/pack4-go-oute68f.html]
[agadirjourney.com/index.php/tours-2/circuit-ouarzazate-2jourse68f.html]
[agadirjourney.com/index.php/excursions-maroce68f.html]
[agadirjourney.com/index.php/agadir-journey/excursion-circuitse68f.html]
[agadirjourney.com/index.php/excursion9ed2.html]
[agadirjourney.com/index.php/agadir-journey/contact-us9ed2.html]
[agadirjourney.com/index.php/excursions-maroc/cascade-imouzer-agadire68f.html]
[agadirjourney.com/index.php/excursions-maroc/excursion-essaouirae68f.html]
[agadirjourney.com/index.php/excursion/imouzer-waterfall-agadir9ed2.html]
[agadirjourney.com/index.php/excursions-maroc/vallee-paradis-agadire68f.html]
[agadirjourney.com/index.php/excursions-maroc/excursion-marrakeche68f.html]
[agadirjourney.com/index.php/excursion/ouarzazate-excursion9ed2.html]
[agadirjourney.com/index.php/excursions-maroc/ouarzazate-excursione68f.html]
[agadirjourney.com/index.php/excursions-maroc/excursion-tafraoutee68f.html]
[agadirjourney.com/index.php/excursion/excursion-taroudant-half-day9ed2.html]
[agadirjourney.com/index.php/excursions-maroc/taroudant-tiout-excursione68f.html]
[agadirjourney.com/index.php/autres-activites/massage-spa-agadire68f.html]
[agadirjourney.com/index.php/excursions-maroc/excursion-massa-petit-desert-joure68f.html]
[agadirjourney.com/index.php/autres-activites/nos-vehicles-agadire68f.html]
[agadirjourney.com/index.php/other-touristic-activites/berber-evening-show-59ed2.html]
[agadirjourney.com/index.php/other-touristic-activites/our-vehicles-agadirjourney9ed2.html]
[agadirjourney.com/index.php/autres-activites/soiree-berberee68f.html]
[agadirjourney.com/index.php/tours/2-days-desert9ed2.html]
[agadirjourney.com/index.php/tours-2/2-jours-deserte68f.html]
[agadirjourney.com/index.php/excursions-maroc/excursion-taroudant-demi-journeee68f.html]
[agadirjourney.com/index.php/tours/tours-imperial-cities-2days9ed2.html]
[agadirjourney.com/index.php/tours/ouarzazate-tour-2days9ed2.html]
[agadirjourney.com/index.php/agadir-journey/agadir-transfers9ed2.html]
[agadirjourney.com/index.php/agadir-journey/agadir-transferte68f.html]
[agadirjourney.com/index.php/agadir-journey/sitemap.html]
[agadirjourney.com/index.php/tours-2/ville-imperiales-2je68f.html]
[agadirjourney.com/index.php/rental-appart.html]
[agadirjourney.com/index.php/rental-appart87e8.html]
[agadirjourney.com/templates/jm-tropical-hotel/images/system/arrow.png]
[agadirjourney.com/index.php/agadir-transfers.html]
[agadirjourney.com/index.php/agadir-journey/agadir-transfers3b1e.html]
[agadirjourney.com/index.php/excursionc0d0]
[agadirjourney.com/index.php/excursion.html]
[agadirjourney.com/index.php/excursion7b17]
[i.ibb.co/7GgdF8k/New-Project.png]
[agadirjourney.com/index.php/excursion/agadir-visit.html]
[agadirjourney.com/cache/widgetkit/gallery/39/11290d24-9a3e-47a5-9983-351c0bc76a34-bf91f59aea.jpg]
[agadirjourney.com/index.php/excursion/agadir-city-tour-from-cruise-ship.html]
[agadirjourney.com/images/pics/paradise/Agadir-Journey1.jpg]
[agadirjourney.com/cache/widgetkit/gallery/3/Agadir-Journey1-fc8226ea8e.jpg]
[agadirjourney.com/images/pics/paradise/Agadir-Journey3.jpg]
[agadirjourney.com/cache/widgetkit/gallery/3/Agadir-Journey3-82f0c13442.jpg]
[agadirjourney.com/images/pics/paradise/Agadir-Journey4.jpg]
[agadirjourney.com/cache/widgetkit/gallery/3/Agadir-Journey4-78698cb4f2.jpg]
[agadirjourney.com/images/pics/paradise/Agadir-Journey6.jpg]
[agadirjourney.com/cache/widgetkit/gallery/3/Agadir-Journey6-da73f8cd4d.jpg]
[agadirjourney.com/images/pics/paradise/P11900361.jpg]
[agadirjourney.com/cache/widgetkit/gallery/3/P11900361-625747633c.jpg]
[agadirjourney.com/images/pics/paradise/PA.jpg]
[agadirjourney.com/cache/widgetkit/gallery/3/PA-a22d46c688.jpg]
[agadirjourney.com/images/pics/paradise/la-vallee-du-Paradis_Agadir11.jpg]
[agadirjourney.com/cache/widgetkit/gallery/3/la-vallee-du-Paradis_Agadir11-a30cc025f1.jpg]
[agadirjourney.com/images/pics/paradise/maxresdefault1.jpg]
[agadirjourney.com/cache/widgetkit/gallery/3/maxresdefault1-e65698759e.jpg]
[agadirjourney.com/images/pics/paradise/paradise-valley-slim.jpg]
[agadirjourney.com/cache/widgetkit/gallery/3/paradise-valley-slim-6e32003540.jpg]
[agadirjourney.com/images/pics/paradise/tumblr_mf2vm2B3RC1rju5tfo1_1280.jpg]
[agadirjourney.com/cache/widgetkit/gallery/3/tumblr_mf2vm2B3RC1rju5tfo1_1280-9564724d8d.jpg]
[agadirjourney.com/index.php/excursion/valley-paradise-agadir.html]
[agadirjourney.com/images/pics/immouzer/1404662664-picture9.jpg]
[agadirjourney.com/cache/widgetkit/gallery/4/1404662664-picture9-d31df9efc7.jpg]
[agadirjourney.com/images/pics/immouzer/casacade-imouzer.jpg]
[agadirjourney.com/cache/widgetkit/gallery/4/casacade-imouzer-b06b2a1ec3.jpg]
[agadirjourney.com/images/pics/immouzer/imouzer-agadir.jpg]
[agadirjourney.com/cache/widgetkit/gallery/4/imouzer-agadir-813e474a39.jpg]
[agadirjourney.com/images/pics/immouzer/imouzer-casacade.jpg]
[agadirjourney.com/cache/widgetkit/gallery/4/imouzer-casacade-53ec1eca67.jpg]
[agadirjourney.com/images/pics/immouzer/imouzer.jpg]
[agadirjourney.com/cache/widgetkit/gallery/4/imouzer-51b2233c19.jpg]
[agadirjourney.com/images/pics/immouzer/waterfall-imouzer.jpg]
[agadirjourney.com/cache/widgetkit/gallery/4/waterfall-imouzer-708331d59b.jpg]
[agadirjourney.com/index.php/excursion/imouzer-waterfall-agadir.html]
[agadirjourney.com/images/pics/Taroudante/Agadir-Journey2.jpg]
[agadirjourney.com/cache/widgetkit/gallery/9/Agadir-Journey2-50a8699139.jpg]
[agadirjourney.com/images/pics/Taroudante/Agadir-Journey4.jpg]
[agadirjourney.com/cache/widgetkit/gallery/9/Agadir-Journey4-7c1ac7ad61.jpg]
[agadirjourney.com/images/pics/Taroudante/Agadir-Journey6.jpg]
[agadirjourney.com/cache/widgetkit/gallery/9/Agadir-Journey6-7d90853254.jpg]
[agadirjourney.com/images/pics/Taroudante/dans-la-palmeraie-1755334735-744228.jpg]
[agadirjourney.com/cache/widgetkit/gallery/9/dans-la-palmeraie-1755334735-744228-3975d34de0.jpg]
[agadirjourney.com/images/pics/Taroudante/la-casbah-7433282733-744220.jpg]
[agadirjourney.com/cache/widgetkit/gallery/9/la-casbah-7433282733-744220-64078e22e7.jpg]
[agadirjourney.com/images/pics/Taroudante/palmeraie-a-tioute-8801690937-744217.jpg]
[agadirjourney.com/cache/widgetkit/gallery/9/palmeraie-a-tioute-8801690937-744217-fc2ddb3e55.jpg]
[agadirjourney.com/images/pics/Taroudante/taroudant-1428462134-1623971.jpg]
[agadirjourney.com/cache/widgetkit/gallery/9/taroudant-1428462134-1623971-1d09e47291.jpg]
[agadirjourney.com/images/pics/Taroudante/taroudant-el-kasbah.jpg]
[agadirjourney.com/cache/widgetkit/gallery/9/taroudant-el-kasbah-0177ee10ca.jpg]
[agadirjourney.com/images/pics/Taroudante/taroudant-tiout.jpg]
[agadirjourney.com/cache/widgetkit/gallery/9/taroudant-tiout-2b98a41f46.jpg]
[agadirjourney.com/index.php/excursion/taroudant-tiout-excursion.html]
[agadirjourney.com/images/pics/Marrakech/Marrakech-Journey-1.jpg]
[agadirjourney.com/cache/widgetkit/gallery/6/Marrakech-Journey-1-ae0d7f3cbd.jpg]
[agadirjourney.com/images/pics/Marrakech/Marrakech-Journey-3.jpg]
[agadirjourney.com/cache/widgetkit/gallery/6/Marrakech-Journey-3-79fa9fd418.jpg]
[agadirjourney.com/images/pics/Marrakech/Marrakech-Journey-4.jpg]
[agadirjourney.com/cache/widgetkit/gallery/6/Marrakech-Journey-4-b4829bd780.jpg]
[agadirjourney.com/images/pics/Marrakech/Marrakech-Journey.jpg]
[agadirjourney.com/cache/widgetkit/gallery/6/Marrakech-Journey-584f26bfba.jpg]
[agadirjourney.com/images/pics/Marrakech/maroc-marrakech-1086695088-1653123.jpg]
[agadirjourney.com/cache/widgetkit/gallery/6/maroc-marrakech-1086695088-1653123-c53f063695.jpg]
[agadirjourney.com/images/pics/Marrakech/maroc-marrakech-1237480944-1653773.jpg]
[agadirjourney.com/cache/widgetkit/gallery/6/maroc-marrakech-1237480944-1653773-bf691af005.jpg]
[agadirjourney.com/images/pics/Marrakech/maroc-marrakech-1306618816-1653776.jpg]
[agadirjourney.com/cache/widgetkit/gallery/6/maroc-marrakech-1306618816-1653776-7df5479dc6.jpg]
[agadirjourney.com/images/pics/Marrakech/maroc-marrakech-1880707498-1650992.jpg]
[agadirjourney.com/cache/widgetkit/gallery/6/maroc-marrakech-1880707498-1650992-d123319c80.jpg]
[agadirjourney.com/images/pics/Marrakech/maroc-marrakech-2101963132-1653784.jpg]
[agadirjourney.com/cache/widgetkit/gallery/6/maroc-marrakech-2101963132-1653784-7bb4d6bb34.jpg]
[agadirjourney.com/index.php/excursion/excursion-marrakech.html]
[agadirjourney.com/images/pics/legzira/legzira-beach-journey.jpg]
[agadirjourney.com/cache/widgetkit/gallery/5/legzira-beach-journey-ab5105852e.jpg]
[agadirjourney.com/images/pics/legzira/legzira-beach.jpg]
[agadirjourney.com/cache/widgetkit/gallery/5/legzira-beach-74071a52ac.jpg]
[agadirjourney.com/images/pics/legzira/legzira1.jpg]
[agadirjourney.com/cache/widgetkit/gallery/5/legzira1-bb40a7844b.jpg]
[agadirjourney.com/images/pics/legzira/maxresdefault.jpg]
[agadirjourney.com/cache/widgetkit/gallery/5/maxresdefault-7f84b293ff.jpg]
[agadirjourney.com/images/pics/legzira/plage-legzira.jpg]
[agadirjourney.com/cache/widgetkit/gallery/5/plage-legzira-396968da29.jpg]
[agadirjourney.com/images/pics/legzira/roche-de-legzira.jpg]
[agadirjourney.com/cache/widgetkit/gallery/5/roche-de-legzira-6ff0dc6750.jpg]
[agadirjourney.com/images/pics/legzira/sable-legzira.jpg]
[agadirjourney.com/cache/widgetkit/gallery/5/sable-legzira-b1ed1752ce.jpg]
[agadirjourney.com/images/pics/legzira/vue-legzira.jpg]
[agadirjourney.com/cache/widgetkit/gallery/5/vue-legzira-2887cf15e6.jpg]
[agadirjourney.com/index.php/excursion/legzira-excursion.html]
[agadirjourney.com/index.php/excursion/essaouira-excursion87e8.html]
[agadirjourney.com/images/pics/essaouira/Essaouira-agadirjourney-1.jpg]
[agadirjourney.com/cache/widgetkit/gallery/10/Essaouira-agadirjourney-1-a591dfec7b.jpg]
[agadirjourney.com/images/pics/essaouira/Essaouira-agadirjourney-6.jpg]
[agadirjourney.com/cache/widgetkit/gallery/10/Essaouira-agadirjourney-6-b602a9dfb5.jpg]
[agadirjourney.com/images/pics/essaouira/Essaouira-souks-.jpg]
[agadirjourney.com/cache/widgetkit/gallery/10/Essaouira-souks--bb7fa65327.jpg]
[agadirjourney.com/images/pics/essaouira/Essaouira_port_remparts.jpg]
[agadirjourney.com/cache/widgetkit/gallery/10/Essaouira_port_remparts-a136906d21.jpg]
[agadirjourney.com/images/pics/essaouira/barques-1738005521-1660082.jpg]
[agadirjourney.com/cache/widgetkit/gallery/10/barques-1738005521-1660082-25f3987359.jpg]
[agadirjourney.com/images/pics/essaouira/essaouira-ancienne-medina-1685077596-1639461.jpg]
[agadirjourney.com/cache/widgetkit/gallery/10/essaouira-ancienne-medina-1685077596-1639461-661ca20ded.jpg]
[agadirjourney.com/images/pics/essaouira/essaouira-arrivee-du-rallye-aicha-des-gazelles-2013-1502419069-1662514.jpg]
[agadirjourney.com/cache/widgetkit/gallery/10/essaouira-arrivee-du-rallye-aicha-des-gazelles-2013-1502419069-1662514-7b7a964b1d.jpg]
[agadirjourney.com/images/pics/essaouira/essaouira-la-plage-et-ses-dromadaires-1329235652-1662512.jpg]
[agadirjourney.com/cache/widgetkit/gallery/10/essaouira-la-plage-et-ses-dromadaires-1329235652-1662512-7f5cc42629.jpg]
[agadirjourney.com/images/pics/essaouira/port-essaouira-1439571432-1660670.jpg]
[agadirjourney.com/cache/widgetkit/gallery/10/port-essaouira-1439571432-1660670-2a82ef64da.jpg]
[agadirjourney.com/index.php/excursion/essaouira-excursion.html]
[agadirjourney.com/images/pics/Tafraout/14-Rochers-peints-Tafraout.jpg]
[agadirjourney.com/cache/widgetkit/gallery/7/14-Rochers-peints-Tafraout-3ffcfcd5ef.jpg]
[agadirjourney.com/images/pics/Tafraout/Tafrout-agadirjourney.jpg]
[agadirjourney.com/cache/widgetkit/gallery/7/Tafrout-agadirjourney-d95fb44475.jpg]
[agadirjourney.com/images/pics/Tafraout/Tafrout-agadirjourney2.jpg]
[agadirjourney.com/cache/widgetkit/gallery/7/Tafrout-agadirjourney2-719a131d05.jpg]
[agadirjourney.com/images/pics/Tafraout/Tafrout-agadirjourney3.jpg]
[agadirjourney.com/cache/widgetkit/gallery/7/Tafrout-agadirjourney3-39b3d81e89.jpg]
[agadirjourney.com/images/pics/Tafraout/Tafrout-agadirjourney4.jpg]
[agadirjourney.com/cache/widgetkit/gallery/7/Tafrout-agadirjourney4-2c14347492.jpg]
[agadirjourney.com/images/pics/Tafraout/Tafrout-agadirjourney6.jpg]
[agadirjourney.com/cache/widgetkit/gallery/7/Tafrout-agadirjourney6-7558b41740.jpg]
[agadirjourney.com/images/pics/Tafraout/maroc-la-route-du-sud-1017468458-1649484.jpg]
[agadirjourney.com/cache/widgetkit/gallery/7/maroc-la-route-du-sud-1017468458-1649484-adfb2f1fb9.jpg]
[agadirjourney.com/images/pics/Tafraout/maroc-la-route-du-sud-1931018299-1649548.jpg]
[agadirjourney.com/cache/widgetkit/gallery/7/maroc-la-route-du-sud-1931018299-1649548-dd479c08c5.jpg]
[agadirjourney.com/images/pics/Tafraout/maroc-la-route-du-sud-1968222736-1649487.jpg]
[agadirjourney.com/cache/widgetkit/gallery/7/maroc-la-route-du-sud-1968222736-1649487-c7a65b81d1.jpg]
[agadirjourney.com/index.php/excursion/tafraout-excursion.html]
[agadirjourney.com/images/pics/Ouarzazate/agadirjourney-safari1.jpg]
[agadirjourney.com/cache/widgetkit/gallery/8/agadirjourney-safari1-539a565378.jpg]
[agadirjourney.com/images/pics/Ouarzazate/agadirjourney2.jpg]
[agadirjourney.com/cache/widgetkit/gallery/8/agadirjourney2-70922070df.jpg]
[agadirjourney.com/images/pics/Ouarzazate/agadirjourney3.jpg]
[agadirjourney.com/cache/widgetkit/gallery/8/agadirjourney3-597f958df7.jpg]
[agadirjourney.com/images/pics/Ouarzazate/agadirjourney4.jpg]
[agadirjourney.com/cache/widgetkit/gallery/8/agadirjourney4-c36ed339a5.jpg]
[agadirjourney.com/images/pics/Ouarzazate/ait-ben-haddou-1-2132517396-1576517.jpg]
[agadirjourney.com/cache/widgetkit/gallery/8/ait-ben-haddou-1-2132517396-1576517-5185df4639.jpg]
[agadirjourney.com/images/pics/Ouarzazate/la-kasbah-d-ait-ben-haddou-2100228120-1580015.jpg]
[agadirjourney.com/cache/widgetkit/gallery/8/la-kasbah-d-ait-ben-haddou-2100228120-1580015-c3a141e021.jpg]
[agadirjourney.com/images/pics/Ouarzazate/lever-de-soleil-1664759904-1580954.jpg]
[agadirjourney.com/cache/widgetkit/gallery/8/lever-de-soleil-1664759904-1580954-03342ae1ae.jpg]
[agadirjourney.com/images/pics/Ouarzazate/maroc-la-route-du-sud-1869607320-1649699.jpg]
[agadirjourney.com/cache/widgetkit/gallery/8/maroc-la-route-du-sud-1869607320-1649699-6d3a713df2.jpg]
[agadirjourney.com/images/pics/Ouarzazate/oasis-en-automne-1901591735-1647058.jpg]
[agadirjourney.com/cache/widgetkit/gallery/8/oasis-en-automne-1901591735-1647058-4a74dc33fb.jpg]
[agadirjourney.com/index.php/excursion/ouarzazate-excursion.html]
[agadirjourney.com/index.php/excursion/excursion-taroudant-half-day.html]
[agadirjourney.com/images/pics/petit-desrt/agadirjourney-1.jpg]
[agadirjourney.com/cache/widgetkit/gallery/25/agadirjourney-1-77ca2cd5b0.jpg]
[agadirjourney.com/images/pics/petit-desrt/agadirjourney-2.jpg]
[agadirjourney.com/cache/widgetkit/gallery/25/agadirjourney-2-ce47154915.jpg]
[agadirjourney.com/images/pics/petit-desrt/agadirjourney-3.jpg]
[agadirjourney.com/cache/widgetkit/gallery/25/agadirjourney-3-aef055038c.jpg]
[agadirjourney.com/images/pics/petit-desrt/agadirjourney-4.jpg]
[agadirjourney.com/cache/widgetkit/gallery/25/agadirjourney-4-ccf87cddaa.jpg]
[agadirjourney.com/images/pics/petit-desrt/agadirjourney-5.jpg]
[agadirjourney.com/cache/widgetkit/gallery/25/agadirjourney-5-5d7d181a5f.jpg]
[agadirjourney.com/images/pics/petit-desrt/agadirjourney-6.jpg]
[agadirjourney.com/cache/widgetkit/gallery/25/agadirjourney-6-3e2dad483e.jpg]
[agadirjourney.com/images/pics/petit-desrt/agadirjourney-7.jpg]
[agadirjourney.com/cache/widgetkit/gallery/25/agadirjourney-7-23b8dc22e6.jpg]
[agadirjourney.com/images/pics/petit-desrt/agadirjourney-8.jpg]
[agadirjourney.com/cache/widgetkit/gallery/25/agadirjourney-8-3f5ccc7aaa.jpg]
[agadirjourney.com/images/pics/petit-desrt/agadirjourney-9.jpg]
[agadirjourney.com/cache/widgetkit/gallery/25/agadirjourney-9-1ef88a25ed.jpg]
[agadirjourney.com/index.php/excursion/excursion-massa-small-desert-one-day.html]
[agadirjourney.com/index.php/other-touristic-activitesc0d0]
[agadirjourney.com/index.php/other-touristic-activites7b17]
[agadirjourney.com/images/cro.jpg]
[www.agadirjourney.com/images/cro80a5.jpg]
[agadirjourney.com/index.php/other-touristic-activites.html]
[agadirjourney.com/images/pics/go-discover/Agadir-Journey3.jpg]
[agadirjourney.com/cache/widgetkit/gallery/35/Agadir-Journey3-1af7fc929f.jpg]
[agadirjourney.com/images/pics/go-discover/Agadir-Journey8.jpg]
[agadirjourney.com/cache/widgetkit/gallery/35/Agadir-Journey8-8a2b804b80.jpg]
[agadirjourney.com/images/pics/go-discover/Marrakech-Journey-3.jpg]
[agadirjourney.com/cache/widgetkit/gallery/35/Marrakech-Journey-3-5451a1c328.jpg]
[agadirjourney.com/images/pics/go-discover/Marrakech-Journey-4.jpg]
[agadirjourney.com/cache/widgetkit/gallery/35/Marrakech-Journey-4-9b6b8cd85f.jpg]
[agadirjourney.com/images/pics/go-discover/Marrakech-Journey.jpg]
[agadirjourney.com/cache/widgetkit/gallery/35/Marrakech-Journey-9c85653dce.jpg]
[agadirjourney.com/images/pics/go-discover/P11900361.jpg]
[agadirjourney.com/cache/widgetkit/gallery/35/P11900361-552997a53f.jpg]
[agadirjourney.com/images/pics/go-discover/camel.jpg]
[agadirjourney.com/cache/widgetkit/gallery/35/camel-6428d3bc09.jpg]
[agadirjourney.com/images/pics/go-discover/camel2.jpg]
[agadirjourney.com/cache/widgetkit/gallery/35/camel2-7c5a8eb09b.jpg]
[agadirjourney.com/images/pics/go-discover/port-d-agadir-1257394694-1646244.jpg]
[agadirjourney.com/cache/widgetkit/gallery/35/port-d-agadir-1257394694-1646244-2442570476.jpg]
[agadirjourney.com/images/pics/go-discover/vue-sur-la-baie-1528438992-1639746.jpg]
[agadirjourney.com/cache/widgetkit/gallery/35/vue-sur-la-baie-1528438992-1639746-2bca06022a.jpg]
[agadirjourney.com/index.php/other-touristic-activites/berber-evening-show-2.html]
[agadirjourney.com/images/pics/go-active/Buggy1.jpg]
[agadirjourney.com/cache/widgetkit/gallery/34/Buggy1-3f7fb7949b.jpg]
[agadirjourney.com/images/pics/go-active/Jetski1.jpg]
[agadirjourney.com/cache/widgetkit/gallery/34/Jetski1-1f908547a3.jpg]
[agadirjourney.com/images/pics/go-active/agadirjourney-1.jpg]
[agadirjourney.com/cache/widgetkit/gallery/34/agadirjourney-1-bfce83ea1b.jpg]
[agadirjourney.com/images/pics/go-active/agadirjourney-6.jpg]
[agadirjourney.com/cache/widgetkit/gallery/34/agadirjourney-6-63bb15027e.jpg]
[agadirjourney.com/images/pics/go-active/agadirjourney-8.jpg]
[agadirjourney.com/cache/widgetkit/gallery/34/agadirjourney-8-934b442cae.jpg]
[agadirjourney.com/images/pics/go-active/buggy2.jpg]
[agadirjourney.com/cache/widgetkit/gallery/34/buggy2-110c5f9b7e.jpg]
[agadirjourney.com/images/pics/go-active/calch.jpg]
[agadirjourney.com/cache/widgetkit/gallery/34/calch-8dbfaff2c9.jpg]
[agadirjourney.com/images/pics/go-active/camel.jpg]
[agadirjourney.com/cache/widgetkit/gallery/34/camel-53986ef24d.jpg]
[agadirjourney.com/images/pics/go-active/cheval.jpg]
[agadirjourney.com/cache/widgetkit/gallery/34/cheval-b6331e40b4.jpg]
[agadirjourney.com/index.php/other-touristic-activites/berber-evening-show-3.html]
[agadirjourney.com/images/pics/go-relaxe/Agadir-Journey3.jpg]
[agadirjourney.com/cache/widgetkit/gallery/36/Agadir-Journey3-71304076e3.jpg]
[agadirjourney.com/images/pics/go-relaxe/Chambre_massage2.jpg]
[agadirjourney.com/cache/widgetkit/gallery/36/Chambre_massage2-02797159bb.jpg]
[agadirjourney.com/images/pics/go-relaxe/P11900361.jpg]
[agadirjourney.com/cache/widgetkit/gallery/36/P11900361-eb90baae8f.jpg]
[agadirjourney.com/images/pics/go-relaxe/Randonnee-Quad-L6.jpg]
[agadirjourney.com/cache/widgetkit/gallery/36/Randonnee-Quad-L6-aa2aae4d1a.jpg]
[agadirjourney.com/images/pics/go-relaxe/camel.jpg]
[agadirjourney.com/cache/widgetkit/gallery/36/camel-a4f1a151ce.jpg]
[agadirjourney.com/images/pics/go-relaxe/camel2.jpg]
[agadirjourney.com/cache/widgetkit/gallery/36/camel2-74dc8ee2f8.jpg]
[agadirjourney.com/images/pics/go-relaxe/la-vallee-du-Paradis_Agadir11.jpg]
[agadirjourney.com/cache/widgetkit/gallery/36/la-vallee-du-Paradis_Agadir11-2074f84916.jpg]
[agadirjourney.com/images/pics/go-relaxe/massage3.jpg]
[agadirjourney.com/cache/widgetkit/gallery/36/massage3-44316ed7aa.jpg]
[agadirjourney.com/images/pics/go-relaxe/quad3.jpg]
[agadirjourney.com/cache/widgetkit/gallery/36/quad3-421e3317e6.jpg]
[agadirjourney.com/index.php/other-touristic-activites/berber-evening-show-4.html]
[agadirjourney.com/images/pics/go-out/Chambre_massage2.jpg]
[agadirjourney.com/cache/widgetkit/gallery/37/Chambre_massage2-eaa5e97d48.jpg]
[agadirjourney.com/images/pics/go-out/Essaouira-agadirjourney-1.jpg]
[agadirjourney.com/cache/widgetkit/gallery/37/Essaouira-agadirjourney-1-09ac9c8122.jpg]
[agadirjourney.com/images/pics/go-out/Essaouira-souks-.jpg]
[agadirjourney.com/cache/widgetkit/gallery/37/Essaouira-souks--7cdf32e82f.jpg]
[agadirjourney.com/images/pics/go-out/Essaouira_port_remparts.jpg]
[agadirjourney.com/cache/widgetkit/gallery/37/Essaouira_port_remparts-18336f96bb.jpg]
[agadirjourney.com/images/pics/go-out/agadirjouneytours.jpg]
[agadirjourney.com/cache/widgetkit/gallery/37/agadirjouneytours-8ac5c15b56.jpg]
[agadirjourney.com/images/pics/go-out/agadirjourney-1.jpg]
[agadirjourney.com/cache/widgetkit/gallery/37/agadirjourney-1-bd06d6cd87.jpg]
[agadirjourney.com/images/pics/go-out/agadirjourney-2.jpg]
[agadirjourney.com/cache/widgetkit/gallery/37/agadirjourney-2-ebdf91a30e.jpg]
[agadirjourney.com/images/pics/go-out/agadirjourney-4.jpg]
[agadirjourney.com/cache/widgetkit/gallery/37/agadirjourney-4-0d0817b96b.jpg]
[agadirjourney.com/images/pics/go-out/agadirjourney-8.jpg]
[agadirjourney.com/cache/widgetkit/gallery/37/agadirjourney-8-dc4b42375d.jpg]
[agadirjourney.com/images/pics/go-out/agadirjourney.jpg]
[agadirjourney.com/cache/widgetkit/gallery/37/agadirjourney-b5c970afb4.jpg]
[agadirjourney.com/images/pics/go-out/agadirjourney-3.jpg]
[agadirjourney.com/cache/widgetkit/gallery/37/agadirjourney-e44db870d8.jpg]
[agadirjourney.com/images/pics/go-out/chems-ayour.jpg]
[agadirjourney.com/cache/widgetkit/gallery/37/chems-ayour-aa6d785e5b.jpg]
[agadirjourney.com/images/pics/go-out/csvoyages-cracheurs-de-feu-complexe-chems-ayour.jpg]
[agadirjourney.com/cache/widgetkit/gallery/37/csvoyages-cracheurs-de-feu-complexe-chems-ayour-3ba52aaa88.jpg]
[agadirjourney.com/images/pics/go-out/massage3.jpg]
[agadirjourney.com/cache/widgetkit/gallery/37/massage3-955975b44e.jpg]
[agadirjourney.com/images/pics/go-out/port-essaouira-1439571432-1660670.jpg]
[agadirjourney.com/cache/widgetkit/gallery/37/port-essaouira-1439571432-1660670-028953d40e.jpg]
[agadirjourney.com/index.php/other-touristic-activites/berber-evening-show-5.html]
[agadirjourney.com/index.php/agadir-journey/contact-us3b1e.html]
[agadirjourney.com/cache/widgetkit/gallery/41/12071690_1906611062897302_556406654_n-58789c26d4.jpg]
[agadirjourney.com/index.php/other-touristic-activites/our-vehicles-agadirjourney.html]
[agadirjourney.com/images/10/sand440f.jpg]
[agadirjourney.com/images/sanboarding/WhatsApp-Image-2019-11-26-at-17.15.49-1.jpg]
[agadirjourney.com/cache/widgetkit/gallery/49/WhatsApp-Image-2019-11-26-at-17.15.49-1-74ce922eae.jpg]
[agadirjourney.com/images/sanboarding/WhatsApp-Image-2019-11-26-at-17.15.49.jpg]
[agadirjourney.com/cache/widgetkit/gallery/49/WhatsApp-Image-2019-11-26-at-17.15.49-0bea589eba.jpg]
[agadirjourney.com/images/sanboarding/WhatsApp-Image-2019-11-26-at-17.15.51.jpg]
[agadirjourney.com/cache/widgetkit/gallery/49/WhatsApp-Image-2019-11-26-at-17.15.51-45a7b7d2d9.jpg]
[agadirjourney.com/images/sanboarding/WhatsApp-Image-2019-11-26-at-17.16.03.jpg]
[agadirjourney.com/cache/widgetkit/gallery/49/WhatsApp-Image-2019-11-26-at-17.16.03-9ad84e7e8d.jpg]
[agadirjourney.com/images/sanboarding/sa.jpg]
[agadirjourney.com/cache/widgetkit/gallery/49/sa-49cc491891.jpg]
[agadirjourney.com/images/sanboarding/sa1.gif]
[agadirjourney.com/cache/widgetkit/gallery/49/sa1-1082f60402.gif]
[agadirjourney.com/index.php/other-touristic-activites/sandboarding.html]
[agadirjourney.com/images/camelSunset/WhatsApp-Image-2019-11-26-at-12.52.21.jpg]
[agadirjourney.com/cache/widgetkit/gallery/45/WhatsApp-Image-2019-11-26-at-12.52.21-69503b297c.jpg]
[agadirjourney.com/images/camelSunset/WhatsApp-Image-2019-11-26-at-16.16.15.jpg]
[agadirjourney.com/cache/widgetkit/gallery/45/WhatsApp-Image-2019-11-26-at-16.16.15-39a69a9b61.jpg]
[agadirjourney.com/images/camelSunset/WhatsApp-Image-2019-11-26-at-16.16.16.jpg]
[agadirjourney.com/cache/widgetkit/gallery/45/WhatsApp-Image-2019-11-26-at-16.16.16-1633bb121c.jpg]
[agadirjourney.com/images/camelSunset/WhatsApp-Image-2019-11-26-at-16.16.17.jpg]
[agadirjourney.com/cache/widgetkit/gallery/45/WhatsApp-Image-2019-11-26-at-16.16.17-ce3bb9353a.jpg]
[agadirjourney.com/images/camelSunset/barb.jpg]
[agadirjourney.com/cache/widgetkit/gallery/45/barb-bf3302d99e.jpg]
[agadirjourney.com/images/camelSunset/ca.jpg]
[agadirjourney.com/cache/widgetkit/gallery/45/ca-23b58a7cbb.jpg]
[agadirjourney.com/index.php/other-touristic-activites/camel-with-barbecue.html]
[agadirjourney.com/images/SurfAdventure/WhatsApp-Image-2019-11-26-at-16.18.29.jpg]
[agadirjourney.com/cache/widgetkit/gallery/44/WhatsApp-Image-2019-11-26-at-16.18.29-d0d2617ac1.jpg]
[agadirjourney.com/images/SurfAdventure/WhatsApp-Image-2019-11-26-at-16.18.32.jpg]
[agadirjourney.com/cache/widgetkit/gallery/44/WhatsApp-Image-2019-11-26-at-16.18.32-fb17bff24e.jpg]
[agadirjourney.com/images/SurfAdventure/WhatsApp-Image-2019-11-26-at-16.18.33.jpg]
[agadirjourney.com/cache/widgetkit/gallery/44/WhatsApp-Image-2019-11-26-at-16.18.33-7a0d0256ac.jpg]
[agadirjourney.com/images/SurfAdventure/WhatsApp-Image-2019-11-26-at-16.18.35.jpg]
[agadirjourney.com/cache/widgetkit/gallery/44/WhatsApp-Image-2019-11-26-at-16.18.35-b522272718.jpg]
[agadirjourney.com/images/SurfAdventure/ag.jpg]
[agadirjourney.com/cache/widgetkit/gallery/44/ag-d93f147cce.jpg]
[agadirjourney.com/images/SurfAdventure/aga.jpg]
[agadirjourney.com/cache/widgetkit/gallery/44/aga-c3a997f07d.jpg]
[agadirjourney.com/index.php/other-touristic-activites/tarazout-surfing-adventure.html]
[agadirjourney.com/images/croco/WhatsApp-Image-2019-11-26-at-16.29.34.jpg]
[agadirjourney.com/cache/widgetkit/gallery/43/WhatsApp-Image-2019-11-26-at-16.29.34-90261ecbbd.jpg]
[agadirjourney.com/images/croco/WhatsApp-Image-2019-11-26-at-16.29.37-1.jpg]
[agadirjourney.com/cache/widgetkit/gallery/43/WhatsApp-Image-2019-11-26-at-16.29.37-1-e957b6cb25.jpg]
[agadirjourney.com/images/croco/WhatsApp-Image-2019-11-26-at-16.29.37.jpg]
[agadirjourney.com/cache/widgetkit/gallery/43/WhatsApp-Image-2019-11-26-at-16.29.37-ebd1ed35ca.jpg]
[agadirjourney.com/images/croco/WhatsApp-Image-2019-11-26-at-16.29.38.jpg]
[agadirjourney.com/cache/widgetkit/gallery/43/WhatsApp-Image-2019-11-26-at-16.29.38-3aa9aeedce.jpg]
[agadirjourney.com/images/croco/cr.jpg]
[agadirjourney.com/cache/widgetkit/gallery/43/cr-2f2c72c5f9.jpg]
[agadirjourney.com/images/croco/cr1.jpg]
[agadirjourney.com/cache/widgetkit/gallery/43/cr1-43e6f5e179.jpg]
[agadirjourney.com/index.php/other-touristic-activites/crocodile-park.html]
[agadirjourney.com/images/pics/dromadaire-cheval/calch.jpg]
[agadirjourney.com/cache/widgetkit/gallery/12/calch-bca70a1cc4.jpg]
[agadirjourney.com/images/pics/dromadaire-cheval/camel.jpg]
[agadirjourney.com/cache/widgetkit/gallery/12/camel-a9e51ff017.jpg]
[agadirjourney.com/images/pics/dromadaire-cheval/camel2.jpg]
[agadirjourney.com/cache/widgetkit/gallery/12/camel2-97e1f6e7b2.jpg]
[agadirjourney.com/images/pics/dromadaire-cheval/cheval.jpg]
[agadirjourney.com/cache/widgetkit/gallery/12/cheval-eb3f0b97a7.jpg]
[agadirjourney.com/index.php/other-touristic-activites/ride-hors-camel-agadir.html]
[agadirjourney.com/images/pics/quad-buggy/53792214973105.jpg]
[agadirjourney.com/cache/widgetkit/gallery/11/53792214973105-ed70886519.jpg]
[agadirjourney.com/images/pics/quad-buggy/55.jpg]
[agadirjourney.com/cache/widgetkit/gallery/11/55-57bfd2a2ca.jpg]
[agadirjourney.com/images/pics/quad-buggy/589_1403105580.jpg]
[agadirjourney.com/cache/widgetkit/gallery/11/589_1403105580-2ad7df52f5.jpg]
[agadirjourney.com/images/pics/quad-buggy/Buggy1.jpg]
[agadirjourney.com/cache/widgetkit/gallery/11/Buggy1-a5ec196d5c.jpg]
[agadirjourney.com/images/pics/quad-buggy/Jetski1.jpg]
[agadirjourney.com/cache/widgetkit/gallery/11/Jetski1-1d6da6507b.jpg]
[agadirjourney.com/images/pics/quad-buggy/Randonnee-Quad-L6.jpg]
[agadirjourney.com/cache/widgetkit/gallery/11/Randonnee-Quad-L6-ed2d5ba1e2.jpg]
[agadirjourney.com/images/pics/quad-buggy/img_2138.jpg]
[agadirjourney.com/cache/widgetkit/gallery/11/img_2138-d04199030a.jpg]
[agadirjourney.com/images/pics/quad-buggy/quad8.jpg]
[agadirjourney.com/cache/widgetkit/gallery/11/quad8-d86b024478.jpg]
[agadirjourney.com/images/pics/quad-buggy/surf5.jpg]
[agadirjourney.com/cache/widgetkit/gallery/11/surf5-55b2c26d8c.jpg]
[agadirjourney.com/index.php/other-touristic-activites/excursion-buggy-quad-agadir.html]
[agadirjourney.com/images/pics/Soiree-Berbere/Product-1578-20130905-050008.jpg]
[agadirjourney.com/cache/widgetkit/gallery/33/Product-1578-20130905-050008-e848920d29.jpg]
[agadirjourney.com/images/pics/Soiree-Berbere/agadirjouneytours.jpg]
[agadirjourney.com/cache/widgetkit/gallery/33/agadirjouneytours-1e99552475.jpg]
[agadirjourney.com/images/pics/Soiree-Berbere/agadirjourney.jpg]
[agadirjourney.com/cache/widgetkit/gallery/33/agadirjourney-3b722fdbf8.jpg]
[agadirjourney.com/images/pics/Soiree-Berbere/agadirjourney-2.jpg]
[agadirjourney.com/cache/widgetkit/gallery/33/agadirjourney-c3809174cf.jpg]
[agadirjourney.com/images/pics/Soiree-Berbere/agadirjourney5.jpg]
[agadirjourney.com/cache/widgetkit/gallery/33/agadirjourney5-ca85dee6de.jpg]
[agadirjourney.com/images/pics/Soiree-Berbere/agadirjourney6.jpg]
[agadirjourney.com/cache/widgetkit/gallery/33/agadirjourney6-287f0921e3.jpg]
[agadirjourney.com/images/pics/Soiree-Berbere/chems-ayour.jpg]
[agadirjourney.com/cache/widgetkit/gallery/33/chems-ayour-4f30ac19e0.jpg]
[agadirjourney.com/images/pics/Soiree-Berbere/csvoyages-cracheurs-de-feu-complexe-chems-ayour.jpg]
[agadirjourney.com/cache/widgetkit/gallery/33/csvoyages-cracheurs-de-feu-complexe-chems-ayour-a23ae76bec.jpg]
[agadirjourney.com/images/pics/Soiree-Berbere/image3.jpg]
[agadirjourney.com/cache/widgetkit/gallery/33/image3-ce413479fd.jpg]
[agadirjourney.com/index.php/other-touristic-activites/berber-evening-show.html]
[agadirjourney.com/images/pics/massage-spa/Chambre_massage2.jpg]
[agadirjourney.com/cache/widgetkit/gallery/13/Chambre_massage2-b2c87b1818.jpg]
[agadirjourney.com/images/pics/massage-spa/massage1.jpg]
[agadirjourney.com/cache/widgetkit/gallery/13/massage1-b234b6c1fe.jpg]
[agadirjourney.com/images/pics/massage-spa/massage3.jpg]
[agadirjourney.com/cache/widgetkit/gallery/13/massage3-c47292f973.jpg]
[agadirjourney.com/images/pics/massage-spa/massage7.jpg]
[agadirjourney.com/cache/widgetkit/gallery/13/massage7-3125b02e6c.jpg]
[agadirjourney.com/images/pics/massage-spa/spa_massage5.jpg]
[agadirjourney.com/cache/widgetkit/gallery/13/spa_massage5-9e55f1eb5d.jpg]
[agadirjourney.com/index.php/other-touristic-activites/agadir-massage-hammam.html]
[agadirjourney.com/index.php/fr/other-touristic-activites/horse-riding.html]
[agadirjourney.com/cache/widgetkit/gallery/53/a3-1-7b7887e053.jpg]
[agadirjourney.com/index.php/other-touristic-activites/horse-riding.html]
[agadirjourney.com/index.php/fr/other-touristic-activites/agadir-jetski.html]
[agadirjourney.com/cache/widgetkit/gallery/54/Jet-ski-two-people-Voucher-1-11989a5b2e.jpg]
[agadirjourney.com/cache/widgetkit/gallery/54/disfrutando-alquiler-moto-agua-miami-adc8266b08.jpg]
[agadirjourney.com/cache/widgetkit/gallery/54/moto-agua-agadir-9ce137d4af.jpg]
[agadirjourney.com/index.php/other-touristic-activites/agadir-jetski.html]
[agadirjourney.com/index.php/fr/other-touristic-activites/agadir-boat-trip.html]
[agadirjourney.com/cache/widgetkit/gallery/52/slide2-1550320143-cd5c72963b.jpg]
[agadirjourney.com/cache/widgetkit/gallery/52/39079247_10160965254025105_1995032997849464832_n-96924e7e4d.jpg]
[agadirjourney.com/cache/widgetkit/gallery/52/66e5af4110d39162e0a04087ab9cae78-d9d6b258aa.jpg]
[agadirjourney.com/index.php/other-touristic-activites/agadir-boat-trip.html]
[agadirjourney.com/index.php/fr/other-touristic-activites/national-park-souss-massa.html]
[agadirjourney.com/cache/widgetkit/gallery/51/0de330_b03f31e4ddef49c2971fb1f695a96f94-858e2cdda7.jpg]
[agadirjourney.com/index.php/other-touristic-activites/national-park-souss-massa.html]
[agadirjourney.com/images/10/SMALL.jpg]
[agadirjourney.com/images/pics/Slide-show/ouarzazate.jpg]
[agadirjourney.com/index.php/component/tags/tag/agadir-transferc0d0]
[agadirjourney.com/index.php/component/tags/tag/agadir-transfer7b17]
[agadirjourney.com/media/jui/css/chosenf220.css]
[agadirjourney.com/index.php/component/tags/tag/agadir-transfer.html]
[agadirjourney.com/media/jui/js/chosen.jquery.minf220.js]
[agadirjourney.com/index.php/component/tags/tag/agadir-airport-transferc0d0]
[agadirjourney.com/index.php/component/tags/tag/agadir-airport-transfer.html]
[agadirjourney.com/index.php/component/tags/tag/agadir-airport-transfer7b17]
[agadirjourney.com/index.php/component/tags/tag/agadir-airport-taxic0d0]
[agadirjourney.com/index.php/component/tags/tag/agadir-airport-taxi.html]
[agadirjourney.com/index.php/component/tags/tag/agadir-airport-taxi7b17]
[agadirjourney.com/index.php/component/tags/tag/agadir-airport-to-agadirc0d0]
[agadirjourney.com/index.php/component/tags/tag/agadir-airport-to-agadir.html]
[agadirjourney.com/index.php/component/tags/tag/agadir-airport-to-agadir7b17]
[agadirjourney.com/index.php/component/tags/tag/airport-transfer-agadirc0d0]
[agadirjourney.com/index.php/component/tags/tag/airport-transfer-agadir.html]
[agadirjourney.com/index.php/other-touristic-activites/sandboarding9ed2.html]
[agadirjourney.com/index.php/other-touristic-activites/agadir-massage-hammamb3a3.html]
[agadirjourney.com/index.php/other-touristic-activites/camel-with-barbecue9ed2.html]
[agadirjourney.com/index.php/other-touristic-activites/agadir-jetski9ed2.html]
[agadirjourney.com/index.php/other-touristic-activites/agadir-boat-trip9ed2.html]
[agadirjourney.com/index.php/other-touristic-activites/national-park-souss-massa9ed2.html]
[agadirjourney.com/index.php/other-touristic-activites/horse-riding9ed2.html]
[agadirjourney.com/index.php/excursion/agadir-visit9ed2.html]
[agadirjourney.com/index.php/excursion/excursion-marrakech9ed2.html]
[agadirjourney.com/index.php/excursion/essaouira-excursion9ed2.html]
[agadirjourney.com/index.php/excursion/valley-paradise-agadir9ed2.html]
[agadirjourney.com/index.php/excursion/taroudant-tiout-excursion9ed2.html]
[agadirjourney.com/index.php/excursion/legzira-excursion9ed2.html]
[agadirjourney.com/index.php/excursion/excursion-massa-small-desert-one-day9ed2.html]
[agadirjourney.com/index.php/excursion/tafraout-excursion9ed2.html]
[agadirjourney.com/index.php/other-touristic-activites/excursion-buggy-quad-agadir9ed2.html]
[agadirjourney.com/index.php/other-touristic-activites/ride-hors-camel-agadir9ed2.html]
[agadirjourney.com/index.php/other-touristic-activites/agadir-massage-hammam9ed2.html]
[cdn.ek.aero/ma/french/images/GYG_275_tcm389-4919533.html]
[agadirjourney.com/index.php/about-us.html]
[agadirjourney.com/index.php/terms-and-conditions.html]
[agadirjourney.com/index.php/privacy-policy.html]
[agadirjourney.com/index.php/disclaimer.html]
[agadirjourney.com/index.php/gdpr-privacy-policy.html]
[agadirjourney.com/index.php/excursion/valley-paradise-agadirbc58.html]
[agadirjourney.com/index.php/component/tags/tag/airport-transfer-agadir7b17]
[agadirjourney.com/index.php/fr/excursions-marocc0d0]
[agadirjourney.com/index.php/fr/excursions-maroc7b17]
[agadirjourney.com/index.php/fr/excursions-maroc9b5f.html]
[agadirjourney.com/index.php/fr/excursions-maroc.html]
[agadirjourney.com/index.php/fr/excursions-maroc76c3.html]
[agadirjourney.com/index.php/fr/excursions-maroc/vallee-paradis-agadir.html]
[agadirjourney.com/index.php/fr/excursions-maroc/cascade-imouzer-agadir.html]
[agadirjourney.com/index.php/fr/excursions-maroc/taroudant-tiout-excursion.html]
[agadirjourney.com/index.php/fr/excursions-maroc/excursion-marrakech.html]
[agadirjourney.com/index.php/fr/excursions-maroc/excursion-legzira.html]
[agadirjourney.com/index.php/fr/excursions-maroc/excursion-essaouira.html]
[agadirjourney.com/index.php/fr/excursions-maroc/excursion-tafraoute.html]
[agadirjourney.com/index.php/fr/excursions-maroc/ouarzazate-excursion.html]
[agadirjourney.com/index.php/fr/excursions-maroc/excursion-taroudant-demi-journee.html]
[agadirjourney.com/index.php/fr/excursions-maroc/agadir-visit-1-2-journee.html]
[agadirjourney.com/index.php/fr/excursions-maroc/excursion-massa-petit-desert-jour.html]
[agadirjourney.com/index.php/fr/agadir-journey/excursion-circuits3b1e.html]
[agadirjourney.com/index.php/fr/tours-2c0d0]
[agadirjourney.com/index.php/fr/tours-2.html]
[agadirjourney.com/index.php/fr/tours-2/2-jours-desert.html]
[agadirjourney.com/index.php/fr/tours-2/ville-imperiales-2j.html]
[agadirjourney.com/index.php/fr/tours-2/circuit-ouarzazate-2jours.html]
[agadirjourney.com/index.php/fr/tours-27b17]
[agadirjourney.com/index.php/fr/agadir-transfert.html]
[agadirjourney.com/index.php/fr/agadir-journey/agadir-transfert3b1e.html]
[agadirjourney.com/index.php/fr/autres-activitesc0d0]
[agadirjourney.com/index.php/fr/autres-activites7b17]
[agadirjourney.com/index.php/fr/autres-activites.html]
[agadirjourney.com/index.php/fr/autres-activites/pack1-go-discover.html]
[agadirjourney.com/index.php/fr/autres-activites/pack2-go-active.html]
[agadirjourney.com/index.php/fr/autres-activites/pack2-go-relaxe.html]
[agadirjourney.com/index.php/fr/autres-activites/pack4-go-out.html]
[agadirjourney.com/index.php/fr/autres-activites034f.html]
[agadirjourney.com/index.php/fr/autres-activites/blade-quad-et-buggy.html]
[agadirjourney.com/index.php/fr/autres-activites/balade-dromadaire-cheval-agadir.html]
[agadirjourney.com/index.php/fr/autres-activites/massage-spa-agadir.html]
[agadirjourney.com/index.php/fr/autres-activites/nos-vehicles-agadir.html]
[agadirjourney.com/index.php/fr/autres-activites/soiree-berbere.html]
[agadirjourney.com/index.php/fr/agadir-journey/contactez-nous3b1e.html]
[agadirjourney.com/index.php/fr/agadir-journey/agadir-transfert.html]
[agadirjourney.com/index.php/fr/agadir-journey/excursion-circuits.html]
[agadirjourney.com/index.php/fr/agadir-journey/contactez-nous.html]
[agadirjourney.com/index.php/en/index.html]
[agadirjourney.com/libraries/cegcore/assets/gplugins/gvalidation/lang/fr.js]
[agadirjourney.com/index.php/fr/component/tags/tag/excursion-agadirc0d0]
[agadirjourney.com/index.php/fr/component/tags/tag/excursion-agadir7b17]
[agadirjourney.com/index.php/fr/component/tags/tag/excursion-agadir.html]
[agadirjourney.com/index.php/fr/excursion/agadir-visit.html]
[agadirjourney.com/index.php/fr/excursion/excursion-marrakech.html]
[agadirjourney.com/index.php/fr/excursion/essaouira-excursion.html]
[agadirjourney.com/index.php/fr/excursion/valley-paradise-agadirbc58.html]
[agadirjourney.com/index.php/agadir-journey/excursions-tours3b1e.html]
[agadirjourney.com/libraries/cegcore/assets/bootstrap/css/bootstrap.css]
[agadirjourney.com/libraries/cegcore/assets/bootstrap/css/bootstrap-theme.css]
[agadirjourney.com/libraries/cegcore/assets/bootstrap/css/bootstrap-gcore.css]
[agadirjourney.com/libraries/cegcore/assets/font_awesome/css/font-awesome.css]
[agadirjourney.com/libraries/cegcore/assets/gplugins/gtooltip/gtooltip.css]
[agadirjourney.com/libraries/cegcore/assets/gplugins/gvalidation/gvalidation.css]
[agadirjourney.com/libraries/cegcore/assets/gplugins/gdatetimepicker/gdatetimepicker.css]
[agadirjourney.com/libraries/cegcore/assets/gplugins/gtabs/gtabs.css]
[agadirjourney.com/libraries/cegcore/assets/gplugins/gsliders/gsliders.css]
[agadirjourney.com/libraries/cegcore/assets/gplugins/gmodal/gmodal.css]
[agadirjourney.com/libraries/cegcore/assets/gplugins/gdropdown/gdropdown.css]
[agadirjourney.com/cache/tpl-jm-tropical-hotel/custom_css_4b009cc5a22262fcd2b75c86ef53e6db.css]
[agadirjourney.com/index.php/fr/agadir-journey/sitemap.html]
[agadirjourney.com/index.php/other-touristic-activites/agadir-massage-hammamc1cc.html]
[agadirjourney.com/index.php/excursion/agadir-city-tour-from-cruise-ship9ed2.html]
[agadirjourney.com/index.php/tours-2]
[agadirjourney.com/index.php/tours-2e68f.html]
[agadirjourney.com/index.php/other-touristic-activites9ed2.html]
[agadirjourney.com/index.php/tours9ed2.html]
[agadirjourney.com/index.php/agadir-transfers9ed2.html]
[agadirjourney.com/index.php/agadir-transfert]
[agadirjourney.com/index.php/agadir-transferte68f.html]
[agadirjourney.com/index.php/excursions-maroc/agadir-visit-1-2-journee]
[agadirjourney.com/index.php/excursions-maroc/agadir-visit-1-2-journeee68f.html]
[agadirjourney.com/index.php/autres-activites]
[agadirjourney.com/index.php/autres-activitese68f.html]
[agadirjourney.com/index.php/autres-activites/balade-dromadaire-cheval-agadir.38d.delayed]
[agadirjourney.com/index.php/autres-activites/balade-dromadaire-cheval-agadire68f.html]
[agadirjourney.com/index.php/other-touristic-activites/berber-evening-show9ed2.html]
[agadirjourney.com/index.php/autres-activites/pack4-go-out]
[agadirjourney.com/index.php/autres-activites/pack4-go-oute68f.html]
[agadirjourney.com/index.php/tours-2/circuit-ouarzazate-2jours]
[agadirjourney.com/index.php/tours-2/circuit-ouarzazate-2jourse68f.html]
[agadirjourney.com/index.php/excursions-maroc]
[agadirjourney.com/index.php/excursions-maroce68f.html]
[agadirjourney.com/index.php/agadir-journey/excursion-circuits.391.delayed]
[agadirjourney.com/index.php/agadir-journey/excursion-circuitse68f.html]
[agadirjourney.com/index.php/excursion9ed2.html]
[agadirjourney.com/index.php/agadir-journey/contact-us9ed2.html]
[agadirjourney.com/index.php/excursions-maroc/cascade-imouzer-agadir]
[agadirjourney.com/index.php/excursions-maroc/cascade-imouzer-agadire68f.html]
[agadirjourney.com/index.php/excursions-maroc/excursion-essaouira]
[agadirjourney.com/index.php/excursions-maroc/excursion-essaouirae68f.html]
[agadirjourney.com/index.php/excursion/imouzer-waterfall-agadir9ed2.html]
[agadirjourney.com/index.php/excursions-maroc/vallee-paradis-agadir]
[agadirjourney.com/index.php/excursions-maroc/vallee-paradis-agadire68f.html]
[agadirjourney.com/index.php/excursions-maroc/excursion-marrakech]
[agadirjourney.com/index.php/excursions-maroc/excursion-marrakeche68f.html]
[agadirjourney.com/index.php/excursion/ouarzazate-excursion9ed2.html]
[agadirjourney.com/index.php/excursions-maroc/ouarzazate-excursion]
[agadirjourney.com/index.php/excursions-maroc/ouarzazate-excursione68f.html]
[agadirjourney.com/index.php/excursions-maroc/excursion-tafraoute]
[agadirjourney.com/index.php/excursions-maroc/excursion-tafraoutee68f.html]
[agadirjourney.com/index.php/excursion/excursion-taroudant-half-day9ed2.html]
[agadirjourney.com/index.php/excursions-maroc/taroudant-tiout-excursion]
[agadirjourney.com/index.php/excursions-maroc/taroudant-tiout-excursione68f.html]
[agadirjourney.com/index.php/autres-activites/massage-spa-agadir]
[agadirjourney.com/index.php/autres-activites/massage-spa-agadire68f.html]
[agadirjourney.com/index.php/excursions-maroc/excursion-massa-petit-desert-jour]
[agadirjourney.com/index.php/excursions-maroc/excursion-massa-petit-desert-joure68f.html]
[agadirjourney.com/index.php/autres-activites/nos-vehicles-agadir]
[agadirjourney.com/index.php/autres-activites/nos-vehicles-agadire68f.html]
[agadirjourney.com/index.php/other-touristic-activites/berber-evening-show-59ed2.html]
[agadirjourney.com/index.php/other-touristic-activites/our-vehicles-agadirjourney9ed2.html]
[agadirjourney.com/index.php/autres-activites/soiree-berbere]
[agadirjourney.com/index.php/autres-activites/soiree-berberee68f.html]
[agadirjourney.com/index.php/tours/2-days-desert9ed2.html]
[agadirjourney.com/index.php/tours-2/2-jours-desert]
[agadirjourney.com/index.php/tours-2/2-jours-deserte68f.html]
[agadirjourney.com/index.php/excursions-maroc/excursion-taroudant-demi-journee]
[agadirjourney.com/index.php/excursions-maroc/excursion-taroudant-demi-journeee68f.html]
[agadirjourney.com/index.php/tours/tours-imperial-cities-2days9ed2.html]
[agadirjourney.com/index.php/tours/ouarzazate-tour-2days9ed2.html]
[agadirjourney.com/index.php/agadir-journey/agadir-transfers9ed2.html]
[agadirjourney.com/index.php/agadir-journey/agadir-transfert]
[agadirjourney.com/index.php/agadir-journey/agadir-transferte68f.html]
[agadirjourney.com/index.php/tours-2/ville-imperiales-2j]
[agadirjourney.com/index.php/tours-2/ville-imperiales-2je68f.html]
[agadirjourney.com/index.php/rental-appart87e8.html]
[agadirjourney.com/index.php/agadir-journey/agadir-transfers3b1e.html]
[agadirjourney.com/index.php/excursion/essaouira-excursion87e8.html]
[agadirjourney.com/images/10/surf.html]
[agadirjourney.com/index.php/agadir-journey/contact-us3b1e.html]
[agadirjourney.com/images/pics/go-discover/Agadir-Journey1.jpg]
[agadirjourney.com/cache/widgetkit/gallery/35/Agadir-Journey1-e5005e55ac.jpg]
[agadirjourney.com/index.php/fr/other-touristic-activites/horse-riding.html]
[agadirjourney.com/index.php/fr/other-touristic-activites/agadir-jetski.html]
[agadirjourney.com/index.php/fr/other-touristic-activites/agadir-boat-trip.html]
[agadirjourney.com/index.php/fr/other-touristic-activites/national-park-souss-massa.html]
[agadirjourney.com/media/jui/css/chosen-sprite.png]
[agadirjourney.com/media/jui/css/chosenf220.css]
[agadirjourney.com/index.php/fr/excursions-maroc9b5f.html]
[agadirjourney.com/index.php/fr/excursions-maroc76c3.html]
[agadirjourney.com/index.php/fr/agadir-journey/excursion-circuits3b1e.html]
[agadirjourney.com/index.php/fr/agadir-journey/agadir-transfert3b1e.html]
[agadirjourney.com/index.php/fr/autres-activites034f.html]
[agadirjourney.com/index.php/fr/agadir-journey/contactez-nous3b1e.html]
[agadirjourney.com/index.php/tours-2.html]
[agadirjourney.com/index.php/agadir-transfert.html]
[agadirjourney.com/index.php/excursions-maroc/agadir-visit-1-2-journee.html]
[agadirjourney.com/index.php/autres-activites.html]
[agadirjourney.com/index.php/autres-activites/balade-dromadaire-cheval-agadir.html]
[agadirjourney.com/index.php/autres-activites/pack4-go-out.html]
[agadirjourney.com/index.php/tours-2/circuit-ouarzazate-2jours.html]
[agadirjourney.com/index.php/excursions-maroc.html]
[agadirjourney.com/index.php/agadir-journey/excursion-circuits.html]
[agadirjourney.com/index.php/excursions-maroc/cascade-imouzer-agadir.html]
[agadirjourney.com/index.php/excursions-maroc/excursion-essaouira.html]
[agadirjourney.com/index.php/excursions-maroc/vallee-paradis-agadir.html]
[agadirjourney.com/index.php/excursions-maroc/excursion-marrakech.html]
[agadirjourney.com/index.php/excursions-maroc/ouarzazate-excursion.html]
[agadirjourney.com/index.php/excursions-maroc/excursion-tafraoute.html]
[agadirjourney.com/index.php/excursions-maroc/taroudant-tiout-excursion.html]
[agadirjourney.com/index.php/autres-activites/massage-spa-agadir.html]
[agadirjourney.com/index.php/excursions-maroc/excursion-massa-petit-desert-jour.html]
[agadirjourney.com/index.php/autres-activites/nos-vehicles-agadir.html]
[agadirjourney.com/index.php/autres-activites/soiree-berbere.html]
[agadirjourney.com/index.php/tours-2/2-jours-desert.html]
[agadirjourney.com/index.php/excursions-maroc/excursion-taroudant-demi-journee.html]
[agadirjourney.com/index.php/agadir-journey/agadir-transfert.html]
[agadirjourney.com/index.php/tours-2/ville-imperiales-2j.html]
[www.zilliondesigns.com/blog/wp-content/uploads/Airbnb-Logo-Contest.png]
